Archive member included to satisfy reference by file (symbol)

c:/program files (x86)/atollic/truestudio for stm32 9.2.0/armtools/bin/../lib/gcc/arm-atollic-eabi/6.3.1/../../../../arm-atollic-eabi/lib/armv7e-m/fpu\libc_nano.a(lib_a-init.o)
                              startup\startup_stm32l475xx.o (__libc_init_array)
c:/program files (x86)/atollic/truestudio for stm32 9.2.0/armtools/bin/../lib/gcc/arm-atollic-eabi/6.3.1/../../../../arm-atollic-eabi/lib/armv7e-m/fpu\libc_nano.a(lib_a-memcpy-stub.o)
                              Drivers\BSP\Components\m24sr\m24sr.o (memcpy)
c:/program files (x86)/atollic/truestudio for stm32 9.2.0/armtools/bin/../lib/gcc/arm-atollic-eabi/6.3.1/../../../../arm-atollic-eabi/lib/armv7e-m/fpu\libc_nano.a(lib_a-memset.o)
                              Drivers\BSP\Components\m24sr\m24sr.o (memset)
c:/program files (x86)/atollic/truestudio for stm32 9.2.0/armtools/bin/../lib/gcc/arm-atollic-eabi/6.3.1/../../../../arm-atollic-eabi/lib/armv7e-m/fpu\libc_nano.a(lib_a-nano-vfprintf_float.o)
                              (_printf_float)
c:/program files (x86)/atollic/truestudio for stm32 9.2.0/armtools/bin/../lib/gcc/arm-atollic-eabi/6.3.1/../../../../arm-atollic-eabi/lib/armv7e-m/fpu\libc_nano.a(lib_a-nano-vfprintf_i.o)
                              c:/program files (x86)/atollic/truestudio for stm32 9.2.0/armtools/bin/../lib/gcc/arm-atollic-eabi/6.3.1/../../../../arm-atollic-eabi/lib/armv7e-m/fpu\libc_nano.a(lib_a-nano-vfprintf_float.o) (_printf_common)
c:/program files (x86)/atollic/truestudio for stm32 9.2.0/armtools/bin/../lib/gcc/arm-atollic-eabi/6.3.1/../../../../arm-atollic-eabi/lib/armv7e-m/fpu\libc_nano.a(lib_a-puts.o)
                              Src\main.o (puts)
c:/program files (x86)/atollic/truestudio for stm32 9.2.0/armtools/bin/../lib/gcc/arm-atollic-eabi/6.3.1/../../../../arm-atollic-eabi/lib/armv7e-m/fpu\libc_nano.a(lib_a-sprintf.o)
                              Src\main.o (sprintf)
c:/program files (x86)/atollic/truestudio for stm32 9.2.0/armtools/bin/../lib/gcc/arm-atollic-eabi/6.3.1/../../../../arm-atollic-eabi/lib/armv7e-m/fpu\libc_nano.a(lib_a-strcpy.o)
                              Src\main.o (strcpy)
c:/program files (x86)/atollic/truestudio for stm32 9.2.0/armtools/bin/../lib/gcc/arm-atollic-eabi/6.3.1/../../../../arm-atollic-eabi/lib/armv7e-m/fpu\libc_nano.a(lib_a-strlen.o)
                              c:/program files (x86)/atollic/truestudio for stm32 9.2.0/armtools/bin/../lib/gcc/arm-atollic-eabi/6.3.1/../../../../arm-atollic-eabi/lib/armv7e-m/fpu\libc_nano.a(lib_a-nano-vfprintf_float.o) (strlen)
c:/program files (x86)/atollic/truestudio for stm32 9.2.0/armtools/bin/../lib/gcc/arm-atollic-eabi/6.3.1/../../../../arm-atollic-eabi/lib/armv7e-m/fpu\libc_nano.a(lib_a-wbuf.o)
                              c:/program files (x86)/atollic/truestudio for stm32 9.2.0/armtools/bin/../lib/gcc/arm-atollic-eabi/6.3.1/../../../../arm-atollic-eabi/lib/armv7e-m/fpu\libc_nano.a(lib_a-puts.o) (__swbuf_r)
c:/program files (x86)/atollic/truestudio for stm32 9.2.0/armtools/bin/../lib/gcc/arm-atollic-eabi/6.3.1/../../../../arm-atollic-eabi/lib/armv7e-m/fpu\libc_nano.a(lib_a-wsetup.o)
                              c:/program files (x86)/atollic/truestudio for stm32 9.2.0/armtools/bin/../lib/gcc/arm-atollic-eabi/6.3.1/../../../../arm-atollic-eabi/lib/armv7e-m/fpu\libc_nano.a(lib_a-puts.o) (__swsetup_r)
c:/program files (x86)/atollic/truestudio for stm32 9.2.0/armtools/bin/../lib/gcc/arm-atollic-eabi/6.3.1/../../../../arm-atollic-eabi/lib/armv7e-m/fpu\libc_nano.a(lib_a-dtoa.o)
                              c:/program files (x86)/atollic/truestudio for stm32 9.2.0/armtools/bin/../lib/gcc/arm-atollic-eabi/6.3.1/../../../../arm-atollic-eabi/lib/armv7e-m/fpu\libc_nano.a(lib_a-nano-vfprintf_float.o) (_dtoa_r)
c:/program files (x86)/atollic/truestudio for stm32 9.2.0/armtools/bin/../lib/gcc/arm-atollic-eabi/6.3.1/../../../../arm-atollic-eabi/lib/armv7e-m/fpu\libc_nano.a(lib_a-fflush.o)
                              c:/program files (x86)/atollic/truestudio for stm32 9.2.0/armtools/bin/../lib/gcc/arm-atollic-eabi/6.3.1/../../../../arm-atollic-eabi/lib/armv7e-m/fpu\libc_nano.a(lib_a-wbuf.o) (_fflush_r)
c:/program files (x86)/atollic/truestudio for stm32 9.2.0/armtools/bin/../lib/gcc/arm-atollic-eabi/6.3.1/../../../../arm-atollic-eabi/lib/armv7e-m/fpu\libc_nano.a(lib_a-findfp.o)
                              c:/program files (x86)/atollic/truestudio for stm32 9.2.0/armtools/bin/../lib/gcc/arm-atollic-eabi/6.3.1/../../../../arm-atollic-eabi/lib/armv7e-m/fpu\libc_nano.a(lib_a-puts.o) (__sinit)
c:/program files (x86)/atollic/truestudio for stm32 9.2.0/armtools/bin/../lib/gcc/arm-atollic-eabi/6.3.1/../../../../arm-atollic-eabi/lib/armv7e-m/fpu\libc_nano.a(lib_a-fwalk.o)
                              c:/program files (x86)/atollic/truestudio for stm32 9.2.0/armtools/bin/../lib/gcc/arm-atollic-eabi/6.3.1/../../../../arm-atollic-eabi/lib/armv7e-m/fpu\libc_nano.a(lib_a-findfp.o) (_fwalk)
[...]
Memory Configuration

Name             Origin             Length             Attributes
RAM              0x20000000         0x00018000         xrw
RAM2             0x10000000         0x00008000         xrw
FLASH            0x08000000         0x00100000         xr
*default*        0x00000000         0xffffffff

Linker script and memory map

LOAD c:/program files (x86)/atollic/truestudio for stm32 9.2.0/armtools/bin/../lib/gcc/arm-atollic-eabi/6.3.1/armv7e-m/fpu/crti.o
LOAD c:/program files (x86)/atollic/truestudio for stm32 9.2.0/armtools/bin/../lib/gcc/arm-atollic-eabi/6.3.1/armv7e-m/fpu/crtbegin.o
LOAD Drivers\BSP\B-L475E-IOT01\stm32l475e_iot01.o
LOAD Drivers\BSP\B-L475E-IOT01\stm32l475e_iot01_accelero.o
LOAD Drivers\BSP\B-L475E-IOT01\stm32l475e_iot01_gyro.o
LOAD Drivers\BSP\B-L475E-IOT01\stm32l475e_iot01_hsensor.o
LOAD Drivers\BSP\B-L475E-IOT01\stm32l475e_iot01_magneto.o
LOAD Drivers\BSP\B-L475E-IOT01\stm32l475e_iot01_psensor.o
LOAD Drivers\BSP\B-L475E-IOT01\stm32l475e_iot01_qspi.o
LOAD Drivers\BSP\B-L475E-IOT01\stm32l475e_iot01_tsensor.o
LOAD Drivers\BSP\Components\cs42l51\cs42l51.o
LOAD Drivers\BSP\Components\cs43l22\cs43l22.o
LOAD Drivers\BSP\Components\ft3x67\ft3x67.o
LOAD Drivers\BSP\Components\ft5336\ft5336.o
LOAD Drivers\BSP\Components\ft6x06\ft6x06.o
LOAD Drivers\BSP\Components\hts221\hts221.o
LOAD Drivers\BSP\Components\hx8347g\hx8347g.o
LOAD Drivers\BSP\Components\l3gd20\l3gd20.o
LOAD Drivers\BSP\Components\lis3mdl\lis3mdl.o
LOAD Drivers\BSP\Components\lps22hb\lps22hb.o
LOAD Drivers\BSP\Components\ls016b8uy\ls016b8uy.o
LOAD Drivers\BSP\Components\lsm303c\lsm303c.o
LOAD Drivers\BSP\Components\lsm303dlhc\lsm303dlhc.o
LOAD Drivers\BSP\Components\lsm6dsl\lsm6dsl.o
LOAD Drivers\BSP\Components\m24sr\m24sr.o
LOAD Drivers\BSP\Components\mfxstm32l152\mfxstm32l152.o
LOAD Drivers\BSP\Components\ov9655\ov9655.o
LOAD Drivers\BSP\Components\st7735\st7735.o
LOAD Drivers\BSP\Components\st7789h2\st7789h2.o
LOAD Drivers\BSP\Components\stmpe1600\stmpe1600.o
LOAD Drivers\BSP\Components\stmpe811\stmpe811.o
LOAD Drivers\BSP\Components\wm8994\wm8994.o
LOAD Drivers\STM32L4xx_HAL_Driver\Src\stm32l4xx_hal.o
LOAD Drivers\STM32L4xx_HAL_Driver\Src\stm32l4xx_hal_cortex.o
LOAD Drivers\STM32L4xx_HAL_Driver\Src\stm32l4xx_hal_dfsdm.o
LOAD Drivers\STM32L4xx_HAL_Driver\Src\stm32l4xx_hal_dma.o
LOAD Drivers\STM32L4xx_HAL_Driver\Src\stm32l4xx_hal_dma_ex.o
LOAD Drivers\STM32L4xx_HAL_Driver\Src\stm32l4xx_hal_flash.o
LOAD Drivers\STM32L4xx_HAL_Driver\Src\stm32l4xx_hal_flash_ex.o
LOAD Drivers\STM32L4xx_HAL_Driver\Src\stm32l4xx_hal_flash_ramfunc.o
LOAD Drivers\STM32L4xx_HAL_Driver\Src\stm32l4xx_hal_gpio.o
LOAD Drivers\STM32L4xx_HAL_Driver\Src\stm32l4xx_hal_i2c.o
LOAD Drivers\STM32L4xx_HAL_Driver\Src\stm32l4xx_hal_i2c_ex.o
LOAD Drivers\STM32L4xx_HAL_Driver\Src\stm32l4xx_hal_pcd.o
LOAD Drivers\STM32L4xx_HAL_Driver\Src\stm32l4xx_hal_pcd_ex.o
LOAD Drivers\STM32L4xx_HAL_Driver\Src\stm32l4xx_hal_pwr.o
LOAD Drivers\STM32L4xx_HAL_Driver\Src\stm32l4xx_hal_pwr_ex.o
LOAD Drivers\STM32L4xx_HAL_Driver\Src\stm32l4xx_hal_qspi.o
LOAD Drivers\STM32L4xx_HAL_Driver\Src\stm32l4xx_hal_rcc.o
LOAD Drivers\STM32L4xx_HAL_Driver\Src\stm32l4xx_hal_rcc_ex.o
LOAD Drivers\STM32L4xx_HAL_Driver\Src\stm32l4xx_hal_spi.o
LOAD Drivers\STM32L4xx_HAL_Driver\Src\stm32l4xx_hal_spi_ex.o
LOAD Drivers\STM32L4xx_HAL_Driver\Src\stm32l4xx_hal_tim.o
LOAD Drivers\STM32L4xx_HAL_Driver\Src\stm32l4xx_hal_tim_ex.o
LOAD Drivers\STM32L4xx_HAL_Driver\Src\stm32l4xx_hal_uart.o
LOAD Drivers\STM32L4xx_HAL_Driver\Src\stm32l4xx_hal_uart_ex.o
LOAD Drivers\STM32L4xx_HAL_Driver\Src\stm32l4xx_ll_usb.o
LOAD Src\main.o
LOAD Src\stm32l4xx_hal_msp.o
LOAD Src\stm32l4xx_it.o
LOAD Src\system_stm32l4xx.o
LOAD Src\vl53l0x\vl53l0x_api.o
LOAD Src\vl53l0x\vl53l0x_api_calibration.o
LOAD Src\vl53l0x\vl53l0x_api_core.o
LOAD Src\vl53l0x\vl53l0x_api_ranging.o
LOAD Src\vl53l0x\vl53l0x_api_strings.o
LOAD Src\vl53l0x\vl53l0x_platform_log.o
LOAD Src\vl53l0x\vl53l0x_tof.o
LOAD startup\startup_stm32l475xx.o
                0x00000080                malloc_getpagesize_P = 0x80
START GROUP
LOAD c:/program files (x86)/atollic/truestudio for stm32 9.2.0/armtools/bin/../lib/gcc/arm-atollic-eabi/6.3.1/../../../../arm-atollic-eabi/lib/armv7e-m/fpu\libc_nano.a
LOAD c:/program files (x86)/atollic/truestudio for stm32 9.2.0/armtools/bin/../lib/gcc/arm-atollic-eabi/6.3.1/../../../../arm-atollic-eabi/lib/armv7e-m/fpu\libm.a
END GROUP
START GROUP
LOAD c:/program files (x86)/atollic/truestudio for stm32 9.2.0/armtools/bin/../lib/gcc/arm-atollic-eabi/6.3.1/armv7e-m/fpu\libgcc.a
LOAD c:/program files (x86)/atollic/truestudio for stm32 9.2.0/armtools/bin/../lib/gcc/arm-atollic-eabi/6.3.1/../../../../arm-atollic-eabi/lib/armv7e-m/fpu\libc_nano.a
END GROUP
START GROUP
LOAD c:/program files (x86)/atollic/truestudio for stm32 9.2.0/armtools/bin/../lib/gcc/arm-atollic-eabi/6.3.1/armv7e-m/fpu\libgcc.a
LOAD c:/program files (x86)/atollic/truestudio for stm32 9.2.0/armtools/bin/../lib/gcc/arm-atollic-eabi/6.3.1/../../../../arm-atollic-eabi/lib/armv7e-m/fpu\libc_nano.a
LOAD c:/program files (x86)/atollic/truestudio for stm32 9.2.0/armtools/bin/../lib/gcc/arm-atollic-eabi/6.3.1/../../../../arm-atollic-eabi/lib/armv7e-m/fpu\libnosys.a
END GROUP
START GROUP
LOAD c:/program files (x86)/atollic/truestudio for stm32 9.2.0/armtools/bin/../lib/gcc/arm-atollic-eabi/6.3.1/armv7e-m/fpu\libgcc.a
LOAD c:/program files (x86)/atollic/truestudio for stm32 9.2.0/armtools/bin/../lib/gcc/arm-atollic-eabi/6.3.1/../../../../arm-atollic-eabi/lib/armv7e-m/fpu\libc_nano.a
LOAD c:/program files (x86)/atollic/truestudio for stm32 9.2.0/armtools/bin/../lib/gcc/arm-atollic-eabi/6.3.1/../../../../arm-atollic-eabi/lib/armv7e-m/fpu\libnosys.a
END GROUP
LOAD c:/program files (x86)/atollic/truestudio for stm32 9.2.0/armtools/bin/../lib/gcc/arm-atollic-eabi/6.3.1/armv7e-m/fpu/crtend.o
LOAD c:/program files (x86)/atollic/truestudio for stm32 9.2.0/armtools/bin/../lib/gcc/arm-atollic-eabi/6.3.1/armv7e-m/fpu/crtn.o
                0x20018000                _estack = 0x20018000
                0x00000200                _Min_Heap_Size = 0x200
                0x00000400                _Min_Stack_Size = 0x400

.isr_vector     0x08000000      0x188
                0x08000000                . = ALIGN (0x4)
 *(.isr_vector)
 .isr_vector    0x08000000      0x188 startup\startup_stm32l475xx.o
                0x08000000                g_pfnVectors
                0x08000188                . = ALIGN (0x4)

.text           0x08000190     0xa9bc
                0x08000190                . = ALIGN (0x4)
 *(.text)
 .text          0x08000190       0x40 c:/program files (x86)/atollic/truestudio for stm32 9.2.0/armtools/bin/../lib/gcc/arm-atollic-eabi/6.3.1/armv7e-m/fpu/crtbegin.o
 .text          0x080001d0       0x10 c:/program files (x86)/atollic/truestudio for stm32 9.2.0/armtools/bin/../lib/gcc/arm-atollic-eabi/6.3.1/../../../../arm-atollic-eabi/lib/armv7e-m/fpu\libc_nano.a(lib_a-strlen.o)
                0x080001d0                strlen
 .text          0x080001e0       0xa0 c:/program files (x86)/atollic/truestudio for stm32 9.2.0/armtools/bin/../lib/gcc/arm-atollic-eabi/6.3.1/../../../../arm-atollic-eabi/lib/armv7e-m/fpu\libc_nano.a(lib_a-memchr.o)
                0x080001e0                memchr
 .text          0x08000280      0x370 c:/program files (x86)/atollic/truestudio for stm32 9.2.0/armtools/bin/../lib/gcc/arm-atollic-eabi/6.3.1/armv7e-m/fpu\libgcc.a(_arm_addsubdf3.o)
                0x08000280                __aeabi_drsub
                0x08000288                __aeabi_dsub
                0x08000288                __subdf3
                0x0800028c                __aeabi_dadd
                0x0800028c                __adddf3
                0x08000504                __floatunsidf
                0x08000504                __aeabi_ui2d
                0x08000524                __floatsidf
                0x08000524                __aeabi_i2d
                0x08000548                __aeabi_f2d
                0x08000548                __extendsfdf2
                0x08000584                __floatundidf
                0x08000584                __aeabi_ul2d
                0x08000594                __floatdidf
                0x08000594                __aeabi_l2d
 .text          0x080005f0      0x424 c:/program files (x86)/atollic/truestudio for stm32 9.2.0/armtools/bin/../lib/gcc/arm-atollic-eabi/6.3.1/armv7e-m/fpu\libgcc.a(_arm_muldivdf3.o)
                0x080005f0                __aeabi_dmul
                0x080005f0                __muldf3
                0x08000844                __divdf3
                0x08000844                __aeabi_ddiv
 .text          0x08000a14      0x110 c:/program files (x86)/atollic/truestudio for stm32 9.2.0/armtools/bin/../lib/gcc/arm-atollic-eabi/6.3.1/armv7e-m/fpu\libgcc.a(_arm_cmpdf2.o)
                0x08000a14                __gtdf2
                0x08000a14                __gedf2
                0x08000a1c                __ltdf2
                0x08000a1c                __ledf2
                0x08000a24                __nedf2
                0x08000a24                __eqdf2
                0x08000a24                __cmpdf2
                0x08000aa0                __aeabi_cdrcmple
                0x08000ab0                __aeabi_cdcmpeq
                0x08000ab0                __aeabi_cdcmple
                0x08000ac0                __aeabi_dcmpeq
                0x08000ad4                __aeabi_dcmplt
                0x08000ae8                __aeabi_dcmple
                0x08000afc                __aeabi_dcmpge
                0x08000b10                __aeabi_dcmpgt
 .text          0x08000b24       0x2c c:/program files (x86)/atollic/truestudio for stm32 9.2.0/armtools/bin/../lib/gcc/arm-atollic-eabi/6.3.1/armv7e-m/fpu\libgcc.a(_arm_unorddf2.o)
                0x08000b24                __unorddf2
                0x08000b24                __aeabi_dcmpun
 .text          0x08000b50       0x50 c:/program files (x86)/atollic/truestudio for stm32 9.2.0/armtools/bin/../lib/gcc/arm-atollic-eabi/6.3.1/armv7e-m/fpu\libgcc.a(_arm_fixdfsi.o)
                0x08000b50                __aeabi_d2iz
                0x08000b50                __fixdfsi
 .text          0x08000ba0       0x40 c:/program files (x86)/atollic/truestudio for stm32 9.2.0/armtools/bin/../lib/gcc/arm-atollic-eabi/6.3.1/armv7e-m/fpu\libgcc.a(_arm_fixunsdfsi.o)
                0x08000ba0                __aeabi_d2uiz
                0x08000ba0                __fixunsdfsi
 .text          0x08000be0       0xa0 c:/program files (x86)/atollic/truestudio for stm32 9.2.0/armtools/bin/../lib/gcc/arm-atollic-eabi/6.3.1/armv7e-m/fpu\libgcc.a(_arm_truncdfsf2.o)
                0x08000be0                __truncdfsf2
                0x08000be0                __aeabi_d2f
 .text          0x08000c80       0x30 c:/program files (x86)/atollic/truestudio for stm32 9.2.0/armtools/bin/../lib/gcc/arm-atollic-eabi/6.3.1/armv7e-m/fpu\libgcc.a(_aeabi_uldivmod.o)
                0x08000c80                __aeabi_uldivmod
 .text          0x08000cb0      0x2dc c:/program files (x86)/atollic/truestudio for stm32 9.2.0/armtools/bin/../lib/gcc/arm-atollic-eabi/6.3.1/armv7e-m/fpu\libgcc.a(_udivmoddi4.o)
                0x08000cb0                __udivmoddi4
 .text          0x08000f8c        0x4 c:/program files (x86)/atollic/truestudio for stm32 9.2.0/armtools/bin/../lib/gcc/arm-atollic-eabi/6.3.1/armv7e-m/fpu\libgcc.a(_dvmd_tls.o)
                0x08000f8c                __aeabi_idiv0
                0x08000f8c                __aeabi_ldiv0
 *(.text*)
 .text.I2Cx_Init.constprop.8
                0x08000f90       0xc0 Drivers\BSP\B-L475E-IOT01\stm32l475e_iot01.o
 .text.BSP_LED_Toggle
                0x08001050       0x14 Drivers\BSP\B-L475E-IOT01\stm32l475e_iot01.o
                0x08001050                BSP_LED_Toggle
 .text.SENSOR_IO_Init
                0x08001064        0x4 Drivers\BSP\B-L475E-IOT01\stm32l475e_iot01.o
                0x08001064                SENSOR_IO_Init
 .text.SENSOR_IO_Write
                0x08001068       0x34 Drivers\BSP\B-L475E-IOT01\stm32l475e_iot01.o
                0x08001068                SENSOR_IO_Write
 .text.SENSOR_IO_Read
                0x0800109c       0x3c Drivers\BSP\B-L475E-IOT01\stm32l475e_iot01.o
                0x0800109c                SENSOR_IO_Read
 .text.SENSOR_IO_ReadMultiple
                0x080010d8       0x30 Drivers\BSP\B-L475E-IOT01\stm32l475e_iot01.o
                0x080010d8                SENSOR_IO_ReadMultiple
 .text.BSP_ACCELERO_Init
                0x08001108       0x28 Drivers\BSP\B-L475E-IOT01\stm32l475e_iot01_accelero.o
                0x08001108                BSP_ACCELERO_Init
 .text.BSP_ACCELERO_AccGetXYZ
                0x08001130       0x14 Drivers\BSP\B-L475E-IOT01\stm32l475e_iot01_accelero.o
                0x08001130                BSP_ACCELERO_AccGetXYZ
 .text.BSP_GYRO_Init
                0x08001144       0x28 Drivers\BSP\B-L475E-IOT01\stm32l475e_iot01_gyro.o
                0x08001144                BSP_GYRO_Init
 .text.BSP_GYRO_GetXYZ
                0x0800116c       0x14 Drivers\BSP\B-L475E-IOT01\stm32l475e_iot01_gyro.o
                0x0800116c                BSP_GYRO_GetXYZ
 .text.BSP_HSENSOR_Init
                0x08001180       0x28 Drivers\BSP\B-L475E-IOT01\stm32l475e_iot01_hsensor.o
                0x08001180                BSP_HSENSOR_Init
 .text.BSP_HSENSOR_ReadHumidity
                0x080011a8       0x10 Drivers\BSP\B-L475E-IOT01\stm32l475e_iot01_hsensor.o
                0x080011a8                BSP_HSENSOR_ReadHumidity
 .text.BSP_MAGNETO_Init
                0x080011b8       0x48 Drivers\BSP\B-L475E-IOT01\stm32l475e_iot01_magneto.o
                0x080011b8                BSP_MAGNETO_Init
 .text.BSP_MAGNETO_GetXYZ
                0x08001200       0x14 Drivers\BSP\B-L475E-IOT01\stm32l475e_iot01_magneto.o
                0x08001200                BSP_MAGNETO_GetXYZ
 .text.BSP_PSENSOR_Init
                0x08001214       0x28 Drivers\BSP\B-L475E-IOT01\stm32l475e_iot01_psensor.o
                0x08001214                BSP_PSENSOR_Init
 .text.BSP_PSENSOR_ReadPressure
                0x0800123c       0x10 Drivers\BSP\B-L475E-IOT01\stm32l475e_iot01_psensor.o
                0x0800123c                BSP_PSENSOR_ReadPressure
 .text.BSP_TSENSOR_Init
                0x0800124c       0x24 Drivers\BSP\B-L475E-IOT01\stm32l475e_iot01_tsensor.o
                0x0800124c                BSP_TSENSOR_Init
 .text.BSP_TSENSOR_ReadTemp
                0x08001270       0x10 Drivers\BSP\B-L475E-IOT01\stm32l475e_iot01_tsensor.o
                0x08001270                BSP_TSENSOR_ReadTemp
 .text.HTS221_H_Init
                0x08001280       0x20 Drivers\BSP\Components\hts221\hts221.o
                0x08001280                HTS221_H_Init
 .text.HTS221_T_Init
                0x080012a0       0x20 Drivers\BSP\Components\hts221\hts221.o
                0x080012a0                HTS221_T_Init
 .text.HTS221_H_ReadID
                0x080012c0       0x14 Drivers\BSP\Components\hts221\hts221.o
                0x080012c0                HTS221_H_ReadID
 .text.HTS221_H_ReadHumidity
                0x080012d4       0xe0 Drivers\BSP\Components\hts221\hts221.o
                0x080012d4                HTS221_H_ReadHumidity
 .text.HTS221_T_ReadTemp
                0x080013b4       0xb4 Drivers\BSP\Components\hts221\hts221.o
                0x080013b4                HTS221_T_ReadTemp
 .text.LIS3MDL_MagInit
                0x08001468       0x4a Drivers\BSP\Components\lis3mdl\lis3mdl.o
                0x08001468                LIS3MDL_MagInit
 .text.LIS3MDL_MagDeInit
                0x080014b2       0x1e Drivers\BSP\Components\lis3mdl\lis3mdl.o
                0x080014b2                LIS3MDL_MagDeInit
 .text.LIS3MDL_MagLowPower
                0x080014d0       0x22 Drivers\BSP\Components\lis3mdl\lis3mdl.o
                0x080014d0                LIS3MDL_MagLowPower
 .text.LIS3MDL_MagReadID
                0x080014f2       0x12 Drivers\BSP\Components\lis3mdl\lis3mdl.o
                0x080014f2                LIS3MDL_MagReadID
 .text.LIS3MDL_MagReadXYZ
                0x08001504       0xb8 Drivers\BSP\Components\lis3mdl\lis3mdl.o
                0x08001504                LIS3MDL_MagReadXYZ
 .text.LPS22HB_P_ReadPressure
                0x080015bc       0x5c Drivers\BSP\Components\lps22hb\lps22hb.o
                0x080015bc                LPS22HB_P_ReadPressure
 .text.LPS22HB_Init
                0x08001618       0x38 Drivers\BSP\Components\lps22hb\lps22hb.o
 .text.LPS22HB_P_Init
                0x08001650        0x4 Drivers\BSP\Components\lps22hb\lps22hb.o
                0x08001650                LPS22HB_P_Init
 .text.LPS22HB_P_ReadID
                0x08001654       0x14 Drivers\BSP\Components\lps22hb\lps22hb.o
                0x08001654                LPS22HB_P_ReadID
 .text.LSM6DSL_AccInit
                0x08001668       0x38 Drivers\BSP\Components\lsm6dsl\lsm6dsl.o
                0x08001668                LSM6DSL_AccInit
 .text.LSM6DSL_AccDeInit
                0x080016a0       0x1a Drivers\BSP\Components\lsm6dsl\lsm6dsl.o
                0x080016a0                LSM6DSL_AccDeInit
 .text.LSM6DSL_AccLowPower
                0x080016ba       0x22 Drivers\BSP\Components\lsm6dsl\lsm6dsl.o
                0x080016ba                LSM6DSL_AccLowPower
 .text.LSM6DSL_GyroInit
                0x080016dc       0x38 Drivers\BSP\Components\lsm6dsl\lsm6dsl.o
                0x080016dc                LSM6DSL_GyroInit
 .text.LSM6DSL_GyroDeInit
                0x08001714       0x1a Drivers\BSP\Components\lsm6dsl\lsm6dsl.o
                0x08001714                LSM6DSL_GyroDeInit
 .text.LSM6DSL_GyroLowPower
                0x0800172e       0x22 Drivers\BSP\Components\lsm6dsl\lsm6dsl.o
                0x0800172e                LSM6DSL_GyroLowPower
 .text.LSM6DSL_GyroReadID
                0x08001750       0x12 Drivers\BSP\Components\lsm6dsl\lsm6dsl.o
                0x08001750                LSM6DSL_GyroReadID
 .text.LSM6DSL_AccReadID
                0x08001762        0x4 Drivers\BSP\Components\lsm6dsl\lsm6dsl.o
                0x08001762                LSM6DSL_AccReadID
 *fill*         0x08001766        0x2 
 .text.LSM6DSL_AccReadXYZ
                0x08001768       0x88 Drivers\BSP\Components\lsm6dsl\lsm6dsl.o
                0x08001768                LSM6DSL_AccReadXYZ
 .text.LSM6DSL_GyroReadXYZAngRate
                0x080017f0       0x80 Drivers\BSP\Components\lsm6dsl\lsm6dsl.o
                0x080017f0                LSM6DSL_GyroReadXYZAngRate
 .text.HAL_InitTick
                0x08001870       0x30 Drivers\STM32L4xx_HAL_Driver\Src\stm32l4xx_hal.o
                0x08001870                HAL_InitTick
 .text.HAL_Init
                0x080018a0       0x1e Drivers\STM32L4xx_HAL_Driver\Src\stm32l4xx_hal.o
                0x080018a0                HAL_Init
 *fill*         0x080018be        0x2 
 .text.HAL_IncTick
                0x080018c0       0x10 Drivers\STM32L4xx_HAL_Driver\Src\stm32l4xx_hal.o
                0x080018c0                HAL_IncTick
 .text.HAL_GetTick
                0x080018d0        0xc Drivers\STM32L4xx_HAL_Driver\Src\stm32l4xx_hal.o
                0x080018d0                HAL_GetTick
 .text.HAL_Delay
                0x080018dc       0x1c Drivers\STM32L4xx_HAL_Driver\Src\stm32l4xx_hal.o
                0x080018dc                HAL_Delay
 .text.HAL_NVIC_SetPriorityGrouping
                0x080018f8       0x24 Drivers\STM32L4xx_HAL_Driver\Src\stm32l4xx_hal_cortex.o
                0x080018f8                HAL_NVIC_SetPriorityGrouping
 .text.HAL_NVIC_SetPriority
                0x0800191c       0x68 Drivers\STM32L4xx_HAL_Driver\Src\stm32l4xx_hal_cortex.o
                0x0800191c                HAL_NVIC_SetPriority
 .text.HAL_NVIC_EnableIRQ
                0x08001984       0x18 Drivers\STM32L4xx_HAL_Driver\Src\stm32l4xx_hal_cortex.o
                0x08001984                HAL_NVIC_EnableIRQ
 .text.HAL_SYSTICK_Config
                0x0800199c       0x2c Drivers\STM32L4xx_HAL_Driver\Src\stm32l4xx_hal_cortex.o
                0x0800199c                HAL_SYSTICK_Config
 .text.DFSDM_GetChannelFromInstance
                0x080019c8       0x58 Drivers\STM32L4xx_HAL_Driver\Src\stm32l4xx_hal_dfsdm.o
 .text.HAL_DFSDM_ChannelInit
                0x08001a20       0xe8 Drivers\STM32L4xx_HAL_Driver\Src\stm32l4xx_hal_dfsdm.o
                0x08001a20                HAL_DFSDM_ChannelInit
 .text.HAL_DMA_Abort_IT
                0x08001b08       0x4c Drivers\STM32L4xx_HAL_Driver\Src\stm32l4xx_hal_dma.o
                0x08001b08                HAL_DMA_Abort_IT
 .text.HAL_GPIO_Init
                0x08001b54      0x1b8 Drivers\STM32L4xx_HAL_Driver\Src\stm32l4xx_hal_gpio.o
                0x08001b54                HAL_GPIO_Init
 .text.HAL_GPIO_DeInit
                0x08001d0c      0x134 Drivers\STM32L4xx_HAL_Driver\Src\stm32l4xx_hal_gpio.o
                0x08001d0c                HAL_GPIO_DeInit
 .text.HAL_GPIO_WritePin
                0x08001e40        0xa Drivers\STM32L4xx_HAL_Driver\Src\stm32l4xx_hal_gpio.o
                0x08001e40                HAL_GPIO_WritePin
 .text.HAL_GPIO_TogglePin
                0x08001e4a        0x8 Drivers\STM32L4xx_HAL_Driver\Src\stm32l4xx_hal_gpio.o
                0x08001e4a                HAL_GPIO_TogglePin
 .text.HAL_GPIO_EXTI_Callback
                0x08001e52        0x2 Drivers\STM32L4xx_HAL_Driver\Src\stm32l4xx_hal_gpio.o
                0x08001e52                HAL_GPIO_EXTI_Callback
 .text.HAL_GPIO_EXTI_IRQHandler
                0x08001e54       0x18 Drivers\STM32L4xx_HAL_Driver\Src\stm32l4xx_hal_gpio.o
                0x08001e54                HAL_GPIO_EXTI_IRQHandler
 .text.I2C_Flush_TXDR
                0x08001e6c       0x1c Drivers\STM32L4xx_HAL_Driver\Src\stm32l4xx_hal_i2c.o
 .text.I2C_TransferConfig
                0x08001e88       0x34 Drivers\STM32L4xx_HAL_Driver\Src\stm32l4xx_hal_i2c.o
 .text.I2C_WaitOnFlagUntilTimeout
                0x08001ebc       0x56 Drivers\STM32L4xx_HAL_Driver\Src\stm32l4xx_hal_i2c.o
 .text.I2C_IsAcknowledgeFailed
                0x08001f12       0x7a Drivers\STM32L4xx_HAL_Driver\Src\stm32l4xx_hal_i2c.o
 .text.I2C_WaitOnTXISFlagUntilTimeout
                0x08001f8c       0x4e Drivers\STM32L4xx_HAL_Driver\Src\stm32l4xx_hal_i2c.o
 *fill*         0x08001fda        0x2 
 .text.I2C_RequestMemoryWrite
                0x08001fdc       0x64 Drivers\STM32L4xx_HAL_Driver\Src\stm32l4xx_hal_i2c.o
 .text.I2C_RequestMemoryRead
                0x08002040       0x64 Drivers\STM32L4xx_HAL_Driver\Src\stm32l4xx_hal_i2c.o
 .text.I2C_WaitOnSTOPFlagUntilTimeout
                0x080020a4       0x4a Drivers\STM32L4xx_HAL_Driver\Src\stm32l4xx_hal_i2c.o
 .text.I2C_WaitOnRXNEFlagUntilTimeout
                0x080020ee       0x7e Drivers\STM32L4xx_HAL_Driver\Src\stm32l4xx_hal_i2c.o
 .text.HAL_I2C_Init
                0x0800216c       0xa2 Drivers\STM32L4xx_HAL_Driver\Src\stm32l4xx_hal_i2c.o
                0x0800216c                HAL_I2C_Init
 .text.HAL_I2C_DeInit
                0x0800220e       0x32 Drivers\STM32L4xx_HAL_Driver\Src\stm32l4xx_hal_i2c.o
                0x0800220e                HAL_I2C_DeInit
 .text.HAL_I2C_Master_Transmit
                0x08002240      0x128 Drivers\STM32L4xx_HAL_Driver\Src\stm32l4xx_hal_i2c.o
                0x08002240                HAL_I2C_Master_Transmit
 .text.HAL_I2C_Master_Receive
                0x08002368      0x12c Drivers\STM32L4xx_HAL_Driver\Src\stm32l4xx_hal_i2c.o
                0x08002368                HAL_I2C_Master_Receive
 .text.HAL_I2C_Mem_Write
                0x08002494      0x16e Drivers\STM32L4xx_HAL_Driver\Src\stm32l4xx_hal_i2c.o
                0x08002494                HAL_I2C_Mem_Write
 *fill*         0x08002602        0x2 
 .text.HAL_I2C_Mem_Read
                0x08002604      0x17c Drivers\STM32L4xx_HAL_Driver\Src\stm32l4xx_hal_i2c.o
                0x08002604                HAL_I2C_Mem_Read
 .text.HAL_I2CEx_ConfigAnalogFilter
                0x08002780       0x4c Drivers\STM32L4xx_HAL_Driver\Src\stm32l4xx_hal_i2c_ex.o
                0x08002780                HAL_I2CEx_ConfigAnalogFilter
 .text.HAL_I2CEx_ConfigDigitalFilter
                0x080027cc       0x4a Drivers\STM32L4xx_HAL_Driver\Src\stm32l4xx_hal_i2c_ex.o
                0x080027cc                HAL_I2CEx_ConfigDigitalFilter
 .text.HAL_PCD_Init
                0x08002816       0xfa Drivers\STM32L4xx_HAL_Driver\Src\stm32l4xx_hal_pcd.o
                0x08002816                HAL_PCD_Init
 .text.HAL_PCDEx_ActivateLPM
                0x08002910       0x26 Drivers\STM32L4xx_HAL_Driver\Src\stm32l4xx_hal_pcd_ex.o
                0x08002910                HAL_PCDEx_ActivateLPM
 .text.HAL_PCDEx_ActivateBCD
                0x08002936       0x14 Drivers\STM32L4xx_HAL_Driver\Src\stm32l4xx_hal_pcd_ex.o
                0x08002936                HAL_PCDEx_ActivateBCD
 *fill*         0x0800294a        0x2 
 .text.HAL_PWR_EnableBkUpAccess
                0x0800294c       0x10 Drivers\STM32L4xx_HAL_Driver\Src\stm32l4xx_hal_pwr.o
                0x0800294c                HAL_PWR_EnableBkUpAccess
 .text.HAL_PWREx_GetVoltageRange
                0x0800295c       0x10 Drivers\STM32L4xx_HAL_Driver\Src\stm32l4xx_hal_pwr_ex.o
                0x0800295c                HAL_PWREx_GetVoltageRange
 .text.HAL_PWREx_ControlVoltageScaling
                0x0800296c       0x6c Drivers\STM32L4xx_HAL_Driver\Src\stm32l4xx_hal_pwr_ex.o
                0x0800296c                HAL_PWREx_ControlVoltageScaling
 .text.HAL_PWREx_EnableVddUSB
                0x080029d8       0x10 Drivers\STM32L4xx_HAL_Driver\Src\stm32l4xx_hal_pwr_ex.o
                0x080029d8                HAL_PWREx_EnableVddUSB
 .text.QSPI_WaitFlagStateUntilTimeout
                0x080029e8       0x4c Drivers\STM32L4xx_HAL_Driver\Src\stm32l4xx_hal_qspi.o
 .text.HAL_QSPI_Init
                0x08002a34       0xb0 Drivers\STM32L4xx_HAL_Driver\Src\stm32l4xx_hal_qspi.o
                0x08002a34                HAL_QSPI_Init
 .text.RCC_SetFlashLatencyFromMSIRange
                0x08002ae4       0x84 Drivers\STM32L4xx_HAL_Driver\Src\stm32l4xx_hal_rcc.o
 .text.HAL_RCC_GetSysClockFreq
                0x08002b68       0xa8 Drivers\STM32L4xx_HAL_Driver\Src\stm32l4xx_hal_rcc.o
                0x08002b68                HAL_RCC_GetSysClockFreq
 .text.HAL_RCC_OscConfig
                0x08002c10      0x44c Drivers\STM32L4xx_HAL_Driver\Src\stm32l4xx_hal_rcc.o
                0x08002c10                HAL_RCC_OscConfig
 .text.HAL_RCC_ClockConfig
                0x0800305c      0x124 Drivers\STM32L4xx_HAL_Driver\Src\stm32l4xx_hal_rcc.o
                0x0800305c                HAL_RCC_ClockConfig
 .text.HAL_RCC_GetPCLK1Freq
                0x08003180       0x24 Drivers\STM32L4xx_HAL_Driver\Src\stm32l4xx_hal_rcc.o
                0x08003180                HAL_RCC_GetPCLK1Freq
 .text.HAL_RCC_GetPCLK2Freq
                0x080031a4       0x24 Drivers\STM32L4xx_HAL_Driver\Src\stm32l4xx_hal_rcc.o
                0x080031a4                HAL_RCC_GetPCLK2Freq
 .text.RCCEx_PLLSAI1_Config
                0x080031c8      0x11c Drivers\STM32L4xx_HAL_Driver\Src\stm32l4xx_hal_rcc_ex.o
 .text.RCCEx_PLLSAI2_Config
                0x080032e4       0xfc Drivers\STM32L4xx_HAL_Driver\Src\stm32l4xx_hal_rcc_ex.o
 .text.HAL_RCCEx_PeriphCLKConfig
                0x080033e0      0x3d0 Drivers\STM32L4xx_HAL_Driver\Src\stm32l4xx_hal_rcc_ex.o
                0x080033e0                HAL_RCCEx_PeriphCLKConfig
 .text.HAL_RCCEx_EnableMSIPLLMode
                0x080037b0       0x10 Drivers\STM32L4xx_HAL_Driver\Src\stm32l4xx_hal_rcc_ex.o
                0x080037b0                HAL_RCCEx_EnableMSIPLLMode
 .text.HAL_SPI_Init
                0x080037c0       0xa2 Drivers\STM32L4xx_HAL_Driver\Src\stm32l4xx_hal_spi.o
                0x080037c0                HAL_SPI_Init
 .text.HAL_TIM_OC_DelayElapsedCallback
                0x08003862        0x2 Drivers\STM32L4xx_HAL_Driver\Src\stm32l4xx_hal_tim.o
                0x08003862                HAL_TIM_OC_DelayElapsedCallback
 .text.HAL_TIM_IC_CaptureCallback
                0x08003864        0x2 Drivers\STM32L4xx_HAL_Driver\Src\stm32l4xx_hal_tim.o
                0x08003864                HAL_TIM_IC_CaptureCallback
 .text.HAL_TIM_PWM_PulseFinishedCallback
                0x08003866        0x2 Drivers\STM32L4xx_HAL_Driver\Src\stm32l4xx_hal_tim.o
                0x08003866                HAL_TIM_PWM_PulseFinishedCallback
 .text.HAL_TIM_TriggerCallback
                0x08003868        0x2 Drivers\STM32L4xx_HAL_Driver\Src\stm32l4xx_hal_tim.o
                0x08003868                HAL_TIM_TriggerCallback
 .text.HAL_TIM_IRQHandler
                0x0800386a      0x160 Drivers\STM32L4xx_HAL_Driver\Src\stm32l4xx_hal_tim.o
                0x0800386a                HAL_TIM_IRQHandler
 *fill*         0x080039ca        0x2 
 .text.TIM_Base_SetConfig
                0x080039cc       0xcc Drivers\STM32L4xx_HAL_Driver\Src\stm32l4xx_hal_tim.o
                0x080039cc                TIM_Base_SetConfig
 .text.HAL_TIM_Base_Init
                0x08003a98       0x34 Drivers\STM32L4xx_HAL_Driver\Src\stm32l4xx_hal_tim.o
                0x08003a98                HAL_TIM_Base_Init
 .text.HAL_TIMEx_MasterConfigSynchronization
                0x08003acc       0x58 Drivers\STM32L4xx_HAL_Driver\Src\stm32l4xx_hal_tim_ex.o
                0x08003acc                HAL_TIMEx_MasterConfigSynchronization
 .text.HAL_TIMEx_CommutationCallback
                0x08003b24        0x2 Drivers\STM32L4xx_HAL_Driver\Src\stm32l4xx_hal_tim_ex.o
                0x08003b24                HAL_TIMEx_CommutationCallback
 .text.HAL_TIMEx_BreakCallback
                0x08003b26        0x2 Drivers\STM32L4xx_HAL_Driver\Src\stm32l4xx_hal_tim_ex.o
                0x08003b26                HAL_TIMEx_BreakCallback
 .text.HAL_TIMEx_Break2Callback
                0x08003b28        0x2 Drivers\STM32L4xx_HAL_Driver\Src\stm32l4xx_hal_tim_ex.o
                0x08003b28                HAL_TIMEx_Break2Callback
 .text.UART_EndRxTransfer
                0x08003b2a       0x1e Drivers\STM32L4xx_HAL_Driver\Src\stm32l4xx_hal_uart.o
 .text.HAL_UART_TxCpltCallback
                0x08003b48        0x2 Drivers\STM32L4xx_HAL_Driver\Src\stm32l4xx_hal_uart.o
                0x08003b48                HAL_UART_TxCpltCallback
 .text.HAL_UART_ErrorCallback
                0x08003b4a        0x2 Drivers\STM32L4xx_HAL_Driver\Src\stm32l4xx_hal_uart.o
                0x08003b4a                HAL_UART_ErrorCallback
 .text.HAL_UART_IRQHandler
                0x08003b4c      0x12c Drivers\STM32L4xx_HAL_Driver\Src\stm32l4xx_hal_uart.o
                0x08003b4c                HAL_UART_IRQHandler
 .text.UART_DMAAbortOnError
                0x08003c78       0x14 Drivers\STM32L4xx_HAL_Driver\Src\stm32l4xx_hal_uart.o
 .text.UART_SetConfig
                0x08003c8c      0x330 Drivers\STM32L4xx_HAL_Driver\Src\stm32l4xx_hal_uart.o
                0x08003c8c                UART_SetConfig
 .text.UART_AdvFeatureConfig
                0x08003fbc       0xa8 Drivers\STM32L4xx_HAL_Driver\Src\stm32l4xx_hal_uart.o
                0x08003fbc                UART_AdvFeatureConfig
 .text.UART_WaitOnFlagUntilTimeout
                0x08004064       0x62 Drivers\STM32L4xx_HAL_Driver\Src\stm32l4xx_hal_uart.o
                0x08004064                UART_WaitOnFlagUntilTimeout
 .text.HAL_UART_Transmit
                0x080040c6       0xae Drivers\STM32L4xx_HAL_Driver\Src\stm32l4xx_hal_uart.o
                0x080040c6                HAL_UART_Transmit
 .text.HAL_UART_Receive
                0x08004174       0xde Drivers\STM32L4xx_HAL_Driver\Src\stm32l4xx_hal_uart.o
                0x08004174                HAL_UART_Receive
 .text.UART_CheckIdleState
                0x08004252       0x64 Drivers\STM32L4xx_HAL_Driver\Src\stm32l4xx_hal_uart.o
                0x08004252                UART_CheckIdleState
 .text.HAL_UART_Init
                0x080042b6       0x64 Drivers\STM32L4xx_HAL_Driver\Src\stm32l4xx_hal_uart.o
                0x080042b6                HAL_UART_Init
 .text.HAL_UARTEx_WakeupCallback
                0x0800431a        0x2 Drivers\STM32L4xx_HAL_Driver\Src\stm32l4xx_hal_uart_ex.o
                0x0800431a                HAL_UARTEx_WakeupCallback
 .text.USB_CoreReset
                0x0800431c       0x30 Drivers\STM32L4xx_HAL_Driver\Src\stm32l4xx_ll_usb.o
 .text.USB_CoreInit
                0x0800434c       0x5e Drivers\STM32L4xx_HAL_Driver\Src\stm32l4xx_ll_usb.o
                0x0800434c                USB_CoreInit
 .text.USB_DisableGlobalInt
                0x080043aa        0xc Drivers\STM32L4xx_HAL_Driver\Src\stm32l4xx_ll_usb.o
                0x080043aa                USB_DisableGlobalInt
 .text.USB_SetCurrentMode
                0x080043b6       0x2e Drivers\STM32L4xx_HAL_Driver\Src\stm32l4xx_ll_usb.o
                0x080043b6                USB_SetCurrentMode
 .text.USB_FlushTxFifo
                0x080043e4       0x24 Drivers\STM32L4xx_HAL_Driver\Src\stm32l4xx_ll_usb.o
                0x080043e4                USB_FlushTxFifo
 .text.USB_FlushRxFifo
                0x08004408       0x20 Drivers\STM32L4xx_HAL_Driver\Src\stm32l4xx_ll_usb.o
                0x08004408                USB_FlushRxFifo
 .text.USB_SetDevSpeed
                0x08004428        0xe Drivers\STM32L4xx_HAL_Driver\Src\stm32l4xx_ll_usb.o
                0x08004428                USB_SetDevSpeed
 *fill*         0x08004436        0x2 
 .text.USB_DevInit
                0x08004438      0x138 Drivers\STM32L4xx_HAL_Driver\Src\stm32l4xx_ll_usb.o
                0x08004438                USB_DevInit
 .text.USB_DevDisconnect
                0x08004570       0x18 Drivers\STM32L4xx_HAL_Driver\Src\stm32l4xx_ll_usb.o
                0x08004570                USB_DevDisconnect
 .text.convertToDegree.constprop.0
                0x08004588       0x74 Src\main.o
 .text.sendToTerminal.constprop.1
                0x080045fc       0x18 Src\main.o
 .text.SystemClock_Config
                0x08004614       0xbc Src\main.o
                0x08004614                SystemClock_Config
 .text.Send_Data
                0x080046d0       0x18 Src\main.o
                0x080046d0                Send_Data
 .text.getData  0x080046e8       0x18 Src\main.o
                0x080046e8                getData
 .text.startup.main
                0x08004700      0x8c0 Src\main.o
                0x08004700                main
 .text.HAL_TIM_PeriodElapsedCallback
                0x08004fc0        0x6 Src\main.o
                0x08004fc0                HAL_TIM_PeriodElapsedCallback
 *fill*         0x08004fc6        0x2 
 .text.HAL_MspInit
                0x08004fc8       0x30 Src\stm32l4xx_hal_msp.o
                0x08004fc8                HAL_MspInit
 .text.HAL_DFSDM_ChannelMspInit
                0x08004ff8       0x64 Src\stm32l4xx_hal_msp.o
                0x08004ff8                HAL_DFSDM_ChannelMspInit
 .text.HAL_I2C_MspInit
                0x0800505c       0x6c Src\stm32l4xx_hal_msp.o
                0x0800505c                HAL_I2C_MspInit
 .text.HAL_I2C_MspDeInit
                0x080050c8       0x2c Src\stm32l4xx_hal_msp.o
                0x080050c8                HAL_I2C_MspDeInit
 .text.HAL_QSPI_MspInit
                0x080050f4       0x6c Src\stm32l4xx_hal_msp.o
                0x080050f4                HAL_QSPI_MspInit
 .text.HAL_SPI_MspInit
                0x08005160       0x68 Src\stm32l4xx_hal_msp.o
                0x08005160                HAL_SPI_MspInit
 .text.HAL_TIM_Base_MspInit
                0x080051c8       0x3c Src\stm32l4xx_hal_msp.o
                0x080051c8                HAL_TIM_Base_MspInit
 .text.HAL_UART_MspInit
                0x08005204      0x11c Src\stm32l4xx_hal_msp.o
                0x08005204                HAL_UART_MspInit
 .text.HAL_PCD_MspInit
                0x08005320       0xa0 Src\stm32l4xx_hal_msp.o
                0x08005320                HAL_PCD_MspInit
 .text.NMI_Handler
                0x080053c0        0x2 Src\stm32l4xx_it.o
                0x080053c0                NMI_Handler
 .text.HardFault_Handler
                0x080053c2        0x2 Src\stm32l4xx_it.o
                0x080053c2                HardFault_Handler
 .text.MemManage_Handler
                0x080053c4        0x2 Src\stm32l4xx_it.o
                0x080053c4                MemManage_Handler
 .text.BusFault_Handler
                0x080053c6        0x2 Src\stm32l4xx_it.o
                0x080053c6                BusFault_Handler
 .text.UsageFault_Handler
                0x080053c8        0x2 Src\stm32l4xx_it.o
                0x080053c8                UsageFault_Handler
 .text.SVC_Handler
                0x080053ca        0x2 Src\stm32l4xx_it.o
                0x080053ca                SVC_Handler
 .text.DebugMon_Handler
                0x080053cc        0x2 Src\stm32l4xx_it.o
                0x080053cc                DebugMon_Handler
 .text.PendSV_Handler
                0x080053ce        0x2 Src\stm32l4xx_it.o
                0x080053ce                PendSV_Handler
 .text.SysTick_Handler
                0x080053d0        0x4 Src\stm32l4xx_it.o
                0x080053d0                SysTick_Handler
 .text.EXTI9_5_IRQHandler
                0x080053d4       0x20 Src\stm32l4xx_it.o
                0x080053d4                EXTI9_5_IRQHandler
 .text.USART1_IRQHandler
                0x080053f4       0x1c Src\stm32l4xx_it.o
                0x080053f4                USART1_IRQHandler
 .text.EXTI15_10_IRQHandler
                0x08005410       0x2e Src\stm32l4xx_it.o
                0x08005410                EXTI15_10_IRQHandler
 *fill*         0x0800543e        0x2 
 .text.UART4_IRQHandler
                0x08005440       0x30 Src\stm32l4xx_it.o
                0x08005440                UART4_IRQHandler
 .text.TIM6_DAC_IRQHandler
                0x08005470        0xc Src\stm32l4xx_it.o
                0x08005470                TIM6_DAC_IRQHandler
 .text.SystemInit
                0x0800547c       0x48 Src\system_stm32l4xx.o
                0x0800547c                SystemInit
 .text.VL53L0X_GetDeviceInfo
                0x080054c4        0x4 Src\vl53l0x\vl53l0x_api.o
                0x080054c4                VL53L0X_GetDeviceInfo
 .text.VL53L0X_SetDeviceMode
                0x080054c8       0x20 Src\vl53l0x\vl53l0x_api.o
                0x080054c8                VL53L0X_SetDeviceMode
 .text.VL53L0X_GetFractionEnable
                0x080054e8       0x18 Src\vl53l0x\vl53l0x_api.o
                0x080054e8                VL53L0X_GetFractionEnable
 .text.VL53L0X_SetMeasurementTimingBudgetMicroSeconds
                0x08005500        0x4 Src\vl53l0x\vl53l0x_api.o
                0x08005500                VL53L0X_SetMeasurementTimingBudgetMicroSeconds
 .text.VL53L0X_SetVcselPulsePeriod
                0x08005504        0x4 Src\vl53l0x\vl53l0x_api.o
                0x08005504                VL53L0X_SetVcselPulsePeriod
 .text.VL53L0X_GetVcselPulsePeriod
                0x08005508        0x4 Src\vl53l0x\vl53l0x_api.o
                0x08005508                VL53L0X_GetVcselPulsePeriod
 .text.VL53L0X_SetSequenceStepEnable
                0x0800550c       0xa2 Src\vl53l0x\vl53l0x_api.o
                0x0800550c                VL53L0X_SetSequenceStepEnable
 .text.VL53L0X_GetSequenceStepEnables
                0x080055ae       0x38 Src\vl53l0x\vl53l0x_api.o
                0x080055ae                VL53L0X_GetSequenceStepEnables
 .text.VL53L0X_GetSequenceStepTimeout
                0x080055e6       0x30 Src\vl53l0x\vl53l0x_api.o
                0x080055e6                VL53L0X_GetSequenceStepTimeout
 .text.VL53L0X_GetInterMeasurementPeriodMilliSeconds
                0x08005616       0x34 Src\vl53l0x\vl53l0x_api.o
                0x08005616                VL53L0X_GetInterMeasurementPeriodMilliSeconds
 .text.VL53L0X_GetXTalkCompensationEnable
                0x0800564a        0x8 Src\vl53l0x\vl53l0x_api.o
                0x0800564a                VL53L0X_GetXTalkCompensationEnable
 .text.VL53L0X_GetXTalkCompensationRateMegaCps
                0x08005652       0x2e Src\vl53l0x\vl53l0x_api.o
                0x08005652                VL53L0X_GetXTalkCompensationRateMegaCps
 .text.VL53L0X_SetLimitCheckEnable
                0x08005680       0x7e Src\vl53l0x\vl53l0x_api.o
                0x08005680                VL53L0X_SetLimitCheckEnable
 .text.VL53L0X_GetLimitCheckEnable
                0x080056fe       0x1c Src\vl53l0x\vl53l0x_api.o
                0x080056fe                VL53L0X_GetLimitCheckEnable
 .text.VL53L0X_SetLimitCheckValue
                0x0800571a       0x5a Src\vl53l0x\vl53l0x_api.o
                0x0800571a                VL53L0X_SetLimitCheckValue
 .text.VL53L0X_GetLimitCheckValue
                0x08005774       0x6a Src\vl53l0x\vl53l0x_api.o
                0x08005774                VL53L0X_GetLimitCheckValue
 .text.VL53L0X_GetWrapAroundCheckEnable
                0x080057de       0x2e Src\vl53l0x\vl53l0x_api.o
                0x080057de                VL53L0X_GetWrapAroundCheckEnable
 .text.VL53L0X_GetDeviceParameters
                0x0800580c       0x76 Src\vl53l0x\vl53l0x_api.o
                0x0800580c                VL53L0X_GetDeviceParameters
 *fill*         0x08005882        0x2 
 .text.VL53L0X_DataInit
                0x08005884      0x12c Src\vl53l0x\vl53l0x_api.o
                0x08005884                VL53L0X_DataInit
 .text.VL53L0X_PerformRefCalibration
                0x080059b0        0x6 Src\vl53l0x\vl53l0x_api.o
                0x080059b0                VL53L0X_PerformRefCalibration
 .text.VL53L0X_GetRangingMeasurementData
                0x080059b6      0x13a Src\vl53l0x\vl53l0x_api.o
                0x080059b6                VL53L0X_GetRangingMeasurementData
 .text.VL53L0X_GetInterruptThresholds
                0x08005af0       0x40 Src\vl53l0x\vl53l0x_api.o
                0x08005af0                VL53L0X_GetInterruptThresholds
 .text.VL53L0X_CheckAndLoadInterruptSettings
                0x08005b30       0x80 Src\vl53l0x\vl53l0x_api.o
                0x08005b30                VL53L0X_CheckAndLoadInterruptSettings
 .text.VL53L0X_StartMeasurement
                0x08005bb0       0x7e Src\vl53l0x\vl53l0x_api.o
                0x08005bb0                VL53L0X_StartMeasurement
 .text.VL53L0X_PerformSingleMeasurement
                0x08005c2e       0x28 Src\vl53l0x\vl53l0x_api.o
                0x08005c2e                VL53L0X_PerformSingleMeasurement
 .text.VL53L0X_ClearInterruptMask
                0x08005c56       0x58 Src\vl53l0x\vl53l0x_api.o
                0x08005c56                VL53L0X_ClearInterruptMask
 .text.VL53L0X_PerformSingleRangingMeasurement
                0x08005cae       0x28 Src\vl53l0x\vl53l0x_api.o
                0x08005cae                VL53L0X_PerformSingleRangingMeasurement
 .text.VL53L0X_SetGpioConfig
                0x08005cd6      0x15a Src\vl53l0x\vl53l0x_api.o
                0x08005cd6                VL53L0X_SetGpioConfig
 .text.VL53L0X_StaticInit
                0x08005e30      0x1a8 Src\vl53l0x\vl53l0x_api.o
                0x08005e30                VL53L0X_StaticInit
 .text.VL53L0X_GetInterruptMaskStatus
                0x08005fd8       0x26 Src\vl53l0x\vl53l0x_api.o
                0x08005fd8                VL53L0X_GetInterruptMaskStatus
 .text.VL53L0X_GetMeasurementDataReady
                0x08005ffe       0x3c Src\vl53l0x\vl53l0x_api.o
                0x08005ffe                VL53L0X_GetMeasurementDataReady
 .text.VL53L0X_PerformRefSpadManagement
                0x0800603a        0x4 Src\vl53l0x\vl53l0x_api.o
                0x0800603a                VL53L0X_PerformRefSpadManagement
 .text.VL53L0X_get_offset_calibration_data_micro_meter
                0x0800603e       0x32 Src\vl53l0x\vl53l0x_api_calibration.o
                0x0800603e                VL53L0X_get_offset_calibration_data_micro_meter
 .text.get_next_good_spad
                0x08006070       0x4e Src\vl53l0x\vl53l0x_api_calibration.o
                0x08006070                get_next_good_spad
 *fill*         0x080060be        0x2 
 .text.is_aperture
                0x080060c0       0x14 Src\vl53l0x\vl53l0x_api_calibration.o
                0x080060c0                is_aperture
 .text.enable_spad_bit
                0x080060d4       0x1e Src\vl53l0x\vl53l0x_api_calibration.o
                0x080060d4                enable_spad_bit
 .text.set_ref_spad_map
                0x080060f2        0xa Src\vl53l0x\vl53l0x_api_calibration.o
                0x080060f2                set_ref_spad_map
 .text.get_ref_spad_map
                0x080060fc        0xa Src\vl53l0x\vl53l0x_api_calibration.o
                0x080060fc                get_ref_spad_map
 .text.enable_ref_spads
                0x08006106       0x96 Src\vl53l0x\vl53l0x_api_calibration.o
                0x08006106                enable_ref_spads
 .text.perform_ref_signal_measurement
                0x0800619c       0x58 Src\vl53l0x\vl53l0x_api_calibration.o
                0x0800619c                perform_ref_signal_measurement
 .text.VL53L0X_set_reference_spads
                0x080061f4       0xaa Src\vl53l0x\vl53l0x_api_calibration.o
                0x080061f4                VL53L0X_set_reference_spads
 .text.VL53L0X_perform_single_ref_calibration
                0x0800629e       0x32 Src\vl53l0x\vl53l0x_api_calibration.o
                0x0800629e                VL53L0X_perform_single_ref_calibration
 .text.VL53L0X_ref_calibration_io
                0x080062d0       0xd0 Src\vl53l0x\vl53l0x_api_calibration.o
                0x080062d0                VL53L0X_ref_calibration_io
 .text.VL53L0X_perform_vhv_calibration
                0x080063a0       0x74 Src\vl53l0x\vl53l0x_api_calibration.o
                0x080063a0                VL53L0X_perform_vhv_calibration
 .text.VL53L0X_perform_phase_calibration
                0x08006414       0x6e Src\vl53l0x\vl53l0x_api_calibration.o
                0x08006414                VL53L0X_perform_phase_calibration
 .text.VL53L0X_perform_ref_calibration
                0x08006482       0x36 Src\vl53l0x\vl53l0x_api_calibration.o
                0x08006482                VL53L0X_perform_ref_calibration
 .text.VL53L0X_perform_ref_spad_management
                0x080064b8      0x270 Src\vl53l0x\vl53l0x_api_calibration.o
                0x080064b8                VL53L0X_perform_ref_spad_management
 .text.VL53L0X_measurement_poll_for_completion
                0x08006728       0x34 Src\vl53l0x\vl53l0x_api_core.o
                0x08006728                VL53L0X_measurement_poll_for_completion
 .text.VL53L0X_isqrt
                0x0800675c       0x2a Src\vl53l0x\vl53l0x_api_core.o
                0x0800675c                VL53L0X_isqrt
 .text.VL53L0X_device_read_strobe
                0x08006786       0x42 Src\vl53l0x\vl53l0x_api_core.o
                0x08006786                VL53L0X_device_read_strobe
 .text.VL53L0X_get_info_from_device
                0x080067c8      0x554 Src\vl53l0x\vl53l0x_api_core.o
                0x080067c8                VL53L0X_get_info_from_device
 .text.VL53L0X_encode_timeout
                0x08006d1c       0x1e Src\vl53l0x\vl53l0x_api_core.o
                0x08006d1c                VL53L0X_encode_timeout
 .text.VL53L0X_decode_timeout
                0x08006d3a        0xc Src\vl53l0x\vl53l0x_api_core.o
                0x08006d3a                VL53L0X_decode_timeout
 *fill*         0x08006d46        0x2 
 .text.VL53L0X_calc_timeout_mclks
                0x08006d48       0x28 Src\vl53l0x\vl53l0x_api_core.o
                0x08006d48                VL53L0X_calc_timeout_mclks
 .text.VL53L0X_calc_timeout_us
                0x08006d70       0x28 Src\vl53l0x\vl53l0x_api_core.o
                0x08006d70                VL53L0X_calc_timeout_us
 .text.get_sequence_step_timeout
                0x08006d98      0x108 Src\vl53l0x\vl53l0x_api_core.o
                0x08006d98                get_sequence_step_timeout
 .text.set_sequence_step_timeout
                0x08006ea0      0x110 Src\vl53l0x\vl53l0x_api_core.o
                0x08006ea0                set_sequence_step_timeout
 .text.VL53L0X_set_vcsel_pulse_period
                0x08006fb0      0x216 Src\vl53l0x\vl53l0x_api_core.o
                0x08006fb0                VL53L0X_set_vcsel_pulse_period
 .text.VL53L0X_get_vcsel_pulse_period
                0x080071c6       0x32 Src\vl53l0x\vl53l0x_api_core.o
                0x080071c6                VL53L0X_get_vcsel_pulse_period
 .text.VL53L0X_set_measurement_timing_budget_micro_seconds
                0x080071f8       0xc2 Src\vl53l0x\vl53l0x_api_core.o
                0x080071f8                VL53L0X_set_measurement_timing_budget_micro_seconds
 .text.VL53L0X_get_measurement_timing_budget_micro_seconds
                0x080072ba       0xca Src\vl53l0x\vl53l0x_api_core.o
                0x080072ba                VL53L0X_get_measurement_timing_budget_micro_seconds
 .text.VL53L0X_load_tuning_settings
                0x08007384       0xa6 Src\vl53l0x\vl53l0x_api_core.o
                0x08007384                VL53L0X_load_tuning_settings
 .text.VL53L0X_get_total_xtalk_rate
                0x0800742a       0x2c Src\vl53l0x\vl53l0x_api_core.o
                0x0800742a                VL53L0X_get_total_xtalk_rate
 .text.VL53L0X_get_total_signal_rate
                0x08007456       0x1c Src\vl53l0x\vl53l0x_api_core.o
                0x08007456                VL53L0X_get_total_signal_rate
 *fill*         0x08007472        0x2 
 .text.VL53L0X_calc_dmax
                0x08007474       0xcc Src\vl53l0x\vl53l0x_api_core.o
                0x08007474                VL53L0X_calc_dmax
 .text.VL53L0X_calc_sigma_estimate
                0x08007540      0x1d8 Src\vl53l0x\vl53l0x_api_core.o
                0x08007540                VL53L0X_calc_sigma_estimate
 .text.VL53L0X_get_pal_range_status
                0x08007718      0x204 Src\vl53l0x\vl53l0x_api_core.o
                0x08007718                VL53L0X_get_pal_range_status
 .text.VL53L0X_check_part_used
                0x0800791c       0x38 Src\vl53l0x\vl53l0x_api_strings.o
                0x0800791c                VL53L0X_check_part_used
 .text.VL53L0X_get_device_info
                0x08007954       0x84 Src\vl53l0x\vl53l0x_api_strings.o
                0x08007954                VL53L0X_get_device_info
 .text._I2CWrite
                0x080079d8       0x1e Src\vl53l0x\vl53l0x_tof.o
                0x080079d8                _I2CWrite
 .text._I2CRead
                0x080079f6       0x20 Src\vl53l0x\vl53l0x_tof.o
                0x080079f6                _I2CRead
 .text.VL53L0X_RdByte
                0x08007a16       0x2a Src\vl53l0x\vl53l0x_tof.o
                0x08007a16                VL53L0X_RdByte
 .text.VL53L0X_WriteMulti
                0x08007a40       0x3c Src\vl53l0x\vl53l0x_tof.o
                0x08007a40                VL53L0X_WriteMulti
 .text.VL53L0X_ReadMulti
                0x08007a7c       0x2c Src\vl53l0x\vl53l0x_tof.o
                0x08007a7c                VL53L0X_ReadMulti
 .text.VL53L0X_RdWord
                0x08007aa8       0x40 Src\vl53l0x\vl53l0x_tof.o
                0x08007aa8                VL53L0X_RdWord
 .text.VL53L0X_RdDWord
                0x08007ae8       0x4c Src\vl53l0x\vl53l0x_tof.o
                0x08007ae8                VL53L0X_RdDWord
 .text.VL53L0X_WrByte
                0x08007b34       0x20 Src\vl53l0x\vl53l0x_tof.o
                0x08007b34                VL53L0X_WrByte
 .text.VL53L0X_WrWord
                0x08007b54       0x24 Src\vl53l0x\vl53l0x_tof.o
                0x08007b54                VL53L0X_WrWord
 .text.VL53L0X_UpdateByte
                0x08007b78       0x2c Src\vl53l0x\vl53l0x_tof.o
                0x08007b78                VL53L0X_UpdateByte
 .text.VL53L0X_PollingDelay
                0x08007ba4        0xc Src\vl53l0x\vl53l0x_tof.o
                0x08007ba4                VL53L0X_PollingDelay
 .text.SetupSingleShot
                0x08007bb0      0x108 Src\vl53l0x\vl53l0x_tof.o
                0x08007bb0                SetupSingleShot
 .text.Reset_Handler
                0x08007cb8       0x50 startup\startup_stm32l475xx.o
                0x08007cb8                Reset_Handler
 .text.Default_Handler
                0x08007d08        0x2 startup\startup_stm32l475xx.o
                0x08007d08                RTC_Alarm_IRQHandler
                0x08007d08                EXTI2_IRQHandler
                0x08007d08                TIM8_TRG_COM_IRQHandler
                0x08007d08                TIM8_CC_IRQHandler
                0x08007d08                TIM1_CC_IRQHandler
                0x08007d08                TSC_IRQHandler
                0x08007d08                TAMP_STAMP_IRQHandler
                0x08007d08                EXTI3_IRQHandler
                0x08007d08                LPTIM2_IRQHandler
                0x08007d08                DFSDM1_FLT1_IRQHandler
                0x08007d08                I2C3_ER_IRQHandler
                0x08007d08                DFSDM1_FLT2_IRQHandler
                0x08007d08                EXTI0_IRQHandler
                0x08007d08                I2C2_EV_IRQHandler
                0x08007d08                CAN1_RX0_IRQHandler
                0x08007d08                FPU_IRQHandler
                0x08007d08                TIM1_UP_TIM16_IRQHandler
                0x08007d08                ADC1_2_IRQHandler
                0x08007d08                SPI1_IRQHandler
                0x08007d08                TIM8_UP_IRQHandler
                0x08007d08                DMA2_Channel2_IRQHandler
                0x08007d08                DMA1_Channel4_IRQHandler
                0x08007d08                SAI2_IRQHandler
                0x08007d08                DFSDM1_FLT3_IRQHandler
                0x08007d08                USART3_IRQHandler
                0x08007d08                DMA1_Channel7_IRQHandler
                0x08007d08                CAN1_RX1_IRQHandler
                0x08007d08                UART5_IRQHandler
                0x08007d08                ADC3_IRQHandler
                0x08007d08                TIM4_IRQHandler
                0x08007d08                DMA2_Channel1_IRQHandler
                0x08007d08                QUADSPI_IRQHandler
                0x08007d08                I2C1_EV_IRQHandler
                0x08007d08                DMA1_Channel6_IRQHandler
                0x08007d08                DMA2_Channel4_IRQHandler
                0x08007d08                TIM3_IRQHandler
                0x08007d08                RCC_IRQHandler
                0x08007d08                DMA1_Channel1_IRQHandler
                0x08007d08                Default_Handler
                0x08007d08                DMA2_Channel7_IRQHandler
                0x08007d08                TIM7_IRQHandler
                0x08007d08                SDMMC1_IRQHandler
                0x08007d08                TIM5_IRQHandler
                0x08007d08                I2C3_EV_IRQHandler
                0x08007d08                RTC_WKUP_IRQHandler
                0x08007d08                PVD_PVM_IRQHandler
                0x08007d08                SPI2_IRQHandler
                0x08007d08                CAN1_TX_IRQHandler
                0x08007d08                DMA2_Channel5_IRQHandler
                0x08007d08                DMA1_Channel5_IRQHandler
                0x08007d08                EXTI4_IRQHandler
                0x08007d08                RNG_IRQHandler
                0x08007d08                TIM1_TRG_COM_TIM17_IRQHandler
                0x08007d08                DMA1_Channel3_IRQHandler
                0x08007d08                COMP_IRQHandler
                0x08007d08                WWDG_IRQHandler
                0x08007d08                LPUART1_IRQHandler
                0x08007d08                DMA2_Channel6_IRQHandler
                0x08007d08                TIM2_IRQHandler
                0x08007d08                EXTI1_IRQHandler
                0x08007d08                USART2_IRQHandler
                0x08007d08                DFSDM1_FLT0_IRQHandler
                0x08007d08                I2C2_ER_IRQHandler
                0x08007d08                DMA1_Channel2_IRQHandler
                0x08007d08                TIM8_BRK_IRQHandler
                0x08007d08                CAN1_SCE_IRQHandler
                0x08007d08                FLASH_IRQHandler
                0x08007d08                OTG_FS_IRQHandler
                0x08007d08                SPI3_IRQHandler
                0x08007d08                I2C1_ER_IRQHandler
                0x08007d08                FMC_IRQHandler
                0x08007d08                SWPMI1_IRQHandler
                0x08007d08                LPTIM1_IRQHandler
                0x08007d08                SAI1_IRQHandler
                0x08007d08                DMA2_Channel3_IRQHandler
                0x08007d08                TIM1_BRK_TIM15_IRQHandler
 *fill*         0x08007d0a        0x2 
 .text.__libc_init_array
                0x08007d0c       0x48 c:/program files (x86)/atollic/truestudio for stm32 9.2.0/armtools/bin/../lib/gcc/arm-atollic-eabi/6.3.1/../../../../arm-atollic-eabi/lib/armv7e-m/fpu\libc_nano.a(lib_a-init.o)
                0x08007d0c                __libc_init_array
 .text.memcpy   0x08007d54       0x16 c:/program files (x86)/atollic/truestudio for stm32 9.2.0/armtools/bin/../lib/gcc/arm-atollic-eabi/6.3.1/../../../../arm-atollic-eabi/lib/armv7e-m/fpu\libc_nano.a(lib_a-memcpy-stub.o)
                0x08007d54                memcpy
 .text.memset   0x08007d6a       0x10 c:/program files (x86)/atollic/truestudio for stm32 9.2.0/armtools/bin/../lib/gcc/arm-atollic-eabi/6.3.1/../../../../arm-atollic-eabi/lib/armv7e-m/fpu\libc_nano.a(lib_a-memset.o)
                0x08007d6a                memset
 .text.__cvt    0x08007d7a       0xc2 c:/program files (x86)/atollic/truestudio for stm32 9.2.0/armtools/bin/../lib/gcc/arm-atollic-eabi/6.3.1/../../../../arm-atollic-eabi/lib/armv7e-m/fpu\libc_nano.a(lib_a-nano-vfprintf_float.o)
                0x08007d7a                __cvt
 .text.__exponent
                0x08007e3c       0x6a c:/program files (x86)/atollic/truestudio for stm32 9.2.0/armtools/bin/../lib/gcc/arm-atollic-eabi/6.3.1/../../../../arm-atollic-eabi/lib/armv7e-m/fpu\libc_nano.a(lib_a-nano-vfprintf_float.o)
                0x08007e3c                __exponent
 *fill*         0x08007ea6        0x2 
 .text._printf_float
                0x08007ea8      0x480 c:/program files (x86)/atollic/truestudio for stm32 9.2.0/armtools/bin/../lib/gcc/arm-atollic-eabi/6.3.1/../../../../arm-atollic-eabi/lib/armv7e-m/fpu\libc_nano.a(lib_a-nano-vfprintf_float.o)
                0x08007ea8                _printf_float
 .text._printf_common
                0x08008328       0xec c:/program files (x86)/atollic/truestudio for stm32 9.2.0/armtools/bin/../lib/gcc/arm-atollic-eabi/6.3.1/../../../../arm-atollic-eabi/lib/armv7e-m/fpu\libc_nano.a(lib_a-nano-vfprintf_i.o)
                0x08008328                _printf_common
 .text._printf_i
                0x08008414      0x240 c:/program files (x86)/atollic/truestudio for stm32 9.2.0/armtools/bin/../lib/gcc/arm-atollic-eabi/6.3.1/../../../../arm-atollic-eabi/lib/armv7e-m/fpu\libc_nano.a(lib_a-nano-vfprintf_i.o)
                0x08008414                _printf_i
 .text._puts_r  0x08008654       0xb8 c:/program files (x86)/atollic/truestudio for stm32 9.2.0/armtools/bin/../lib/gcc/arm-atollic-eabi/6.3.1/../../../../arm-atollic-eabi/lib/armv7e-m/fpu\libc_nano.a(lib_a-puts.o)
                0x08008654                _puts_r
 .text.puts     0x0800870c       0x10 c:/program files (x86)/atollic/truestudio for stm32 9.2.0/armtools/bin/../lib/gcc/arm-atollic-eabi/6.3.1/../../../../arm-atollic-eabi/lib/armv7e-m/fpu\libc_nano.a(lib_a-puts.o)
                0x0800870c                puts
 .text.sprintf  0x0800871c       0x48 c:/program files (x86)/atollic/truestudio for stm32 9.2.0/armtools/bin/../lib/gcc/arm-atollic-eabi/6.3.1/../../../../arm-atollic-eabi/lib/armv7e-m/fpu\libc_nano.a(lib_a-sprintf.o)
                0x0800871c                siprintf
                0x0800871c                sprintf
 .text.strcpy   0x08008764       0x10 c:/program files (x86)/atollic/truestudio for stm32 9.2.0/armtools/bin/../lib/gcc/arm-atollic-eabi/6.3.1/../../../../arm-atollic-eabi/lib/armv7e-m/fpu\libc_nano.a(lib_a-strcpy.o)
                0x08008764                strcpy
 .text.__swbuf_r
                0x08008774       0xa4 c:/program files (x86)/atollic/truestudio for stm32 9.2.0/armtools/bin/../lib/gcc/arm-atollic-eabi/6.3.1/../../../../arm-atollic-eabi/lib/armv7e-m/fpu\libc_nano.a(lib_a-wbuf.o)
                0x08008774                __swbuf_r
 .text.__swsetup_r
                0x08008818       0xdc c:/program files (x86)/atollic/truestudio for stm32 9.2.0/armtools/bin/../lib/gcc/arm-atollic-eabi/6.3.1/../../../../arm-atollic-eabi/lib/armv7e-m/fpu\libc_nano.a(lib_a-wsetup.o)
                0x08008818                __swsetup_r
 .text.quorem   0x080088f4      0x118 c:/program files (x86)/atollic/truestudio for stm32 9.2.0/armtools/bin/../lib/gcc/arm-atollic-eabi/6.3.1/../../../../arm-atollic-eabi/lib/armv7e-m/fpu\libc_nano.a(lib_a-dtoa.o)
 *fill*         0x08008a0c        0x4 
 .text._dtoa_r  0x08008a10      0xb9c c:/program files (x86)/atollic/truestudio for stm32 9.2.0/armtools/bin/../lib/gcc/arm-atollic-eabi/6.3.1/../../../../arm-atollic-eabi/lib/armv7e-m/fpu\libc_nano.a(lib_a-dtoa.o)
                0x08008a10                _dtoa_r
 .text.__sflush_r
                0x080095ac      0x110 c:/program files (x86)/atollic/truestudio for stm32 9.2.0/armtools/bin/../lib/gcc/arm-atollic-eabi/6.3.1/../../../../arm-atollic-eabi/lib/armv7e-m/fpu\libc_nano.a(lib_a-fflush.o)
                0x080095ac                __sflush_r
 .text._fflush_r
                0x080096bc       0x54 c:/program files (x86)/atollic/truestudio for stm32 9.2.0/armtools/bin/../lib/gcc/arm-atollic-eabi/6.3.1/../../../../arm-atollic-eabi/lib/armv7e-m/fpu\libc_nano.a(lib_a-fflush.o)
                0x080096bc                _fflush_r
 .text._cleanup_r
                0x08009710        0xc c:/program files (x86)/atollic/truestudio for stm32 9.2.0/armtools/bin/../lib/gcc/arm-atollic-eabi/6.3.1/../../../../arm-atollic-eabi/lib/armv7e-m/fpu\libc_nano.a(lib_a-findfp.o)
                0x08009710                _cleanup_r
 .text.std.isra.0
                0x0800971c       0x48 c:/program files (x86)/atollic/truestudio for stm32 9.2.0/armtools/bin/../lib/gcc/arm-atollic-eabi/6.3.1/../../../../arm-atollic-eabi/lib/armv7e-m/fpu\libc_nano.a(lib_a-findfp.o)
 .text.__sfmoreglue
                0x08009764       0x2c c:/program files (x86)/atollic/truestudio for stm32 9.2.0/armtools/bin/../lib/gcc/arm-atollic-eabi/6.3.1/../../../../arm-atollic-eabi/lib/armv7e-m/fpu\libc_nano.a(lib_a-findfp.o)
                0x08009764                __sfmoreglue
 .text.__sinit  0x08009790       0x60 c:/program files (x86)/atollic/truestudio for stm32 9.2.0/armtools/bin/../lib/gcc/arm-atollic-eabi/6.3.1/../../../../arm-atollic-eabi/lib/armv7e-m/fpu\libc_nano.a(lib_a-findfp.o)
                0x08009790                __sinit
 .text.__sfp    0x080097f0       0x78 c:/program files (x86)/atollic/truestudio for stm32 9.2.0/armtools/bin/../lib/gcc/arm-atollic-eabi/6.3.1/../../../../arm-atollic-eabi/lib/armv7e-m/fpu\libc_nano.a(lib_a-findfp.o)
                0x080097f0                __sfp
 .text._fwalk_reent
                0x08009868       0x3c c:/program files (x86)/atollic/truestudio for stm32 9.2.0/armtools/bin/../lib/gcc/arm-atollic-eabi/6.3.1/../../../../arm-atollic-eabi/lib/armv7e-m/fpu\libc_nano.a(lib_a-fwalk.o)
                0x08009868                _fwalk_reent
 .text._localeconv_r
                0x080098a4       0x1c c:/program files (x86)/atollic/truestudio for stm32 9.2.0/armtools/bin/../lib/gcc/arm-atollic-eabi/6.3.1/../../../../arm-atollic-eabi/lib/armv7e-m/fpu\libc_nano.a(lib_a-localeconv.o)
                0x080098a4                _localeconv_r
 .text.__swhatbuf_r
                0x080098c0       0x48 c:/program files (x86)/atollic/truestudio for stm32 9.2.0/armtools/bin/../lib/gcc/arm-atollic-eabi/6.3.1/../../../../arm-atollic-eabi/lib/armv7e-m/fpu\libc_nano.a(lib_a-makebuf.o)
                0x080098c0                __swhatbuf_r
 .text.__smakebuf_r
                0x08009908       0x80 c:/program files (x86)/atollic/truestudio for stm32 9.2.0/armtools/bin/../lib/gcc/arm-atollic-eabi/6.3.1/../../../../arm-atollic-eabi/lib/armv7e-m/fpu\libc_nano.a(lib_a-makebuf.o)
                0x08009908                __smakebuf_r
 .text.malloc   0x08009988       0x10 c:/program files (x86)/atollic/truestudio for stm32 9.2.0/armtools/bin/../lib/gcc/arm-atollic-eabi/6.3.1/../../../../arm-atollic-eabi/lib/armv7e-m/fpu\libc_nano.a(lib_a-malloc.o)
                0x08009988                malloc
 .text._Balloc  0x08009998       0x68 c:/program files (x86)/atollic/truestudio for stm32 9.2.0/armtools/bin/../lib/gcc/arm-atollic-eabi/6.3.1/../../../../arm-atollic-eabi/lib/armv7e-m/fpu\libc_nano.a(lib_a-mprec.o)
                0x08009998                _Balloc
 .text._Bfree   0x08009a00       0x2e c:/program files (x86)/atollic/truestudio for stm32 9.2.0/armtools/bin/../lib/gcc/arm-atollic-eabi/6.3.1/../../../../arm-atollic-eabi/lib/armv7e-m/fpu\libc_nano.a(lib_a-mprec.o)
                0x08009a00                _Bfree
 .text.__multadd
                0x08009a2e       0x76 c:/program files (x86)/atollic/truestudio for stm32 9.2.0/armtools/bin/../lib/gcc/arm-atollic-eabi/6.3.1/../../../../arm-atollic-eabi/lib/armv7e-m/fpu\libc_nano.a(lib_a-mprec.o)
                0x08009a2e                __multadd
 .text.__hi0bits
                0x08009aa4       0x3e c:/program files (x86)/atollic/truestudio for stm32 9.2.0/armtools/bin/../lib/gcc/arm-atollic-eabi/6.3.1/../../../../arm-atollic-eabi/lib/armv7e-m/fpu\libc_nano.a(lib_a-mprec.o)
                0x08009aa4                __hi0bits
 .text.__lo0bits
                0x08009ae2       0x5e c:/program files (x86)/atollic/truestudio for stm32 9.2.0/armtools/bin/../lib/gcc/arm-atollic-eabi/6.3.1/../../../../arm-atollic-eabi/lib/armv7e-m/fpu\libc_nano.a(lib_a-mprec.o)
                0x08009ae2                __lo0bits
 .text.__i2b    0x08009b40       0x12 c:/program files (x86)/atollic/truestudio for stm32 9.2.0/armtools/bin/../lib/gcc/arm-atollic-eabi/6.3.1/../../../../arm-atollic-eabi/lib/armv7e-m/fpu\libc_nano.a(lib_a-mprec.o)
                0x08009b40                __i2b
 .text.__multiply
                0x08009b52      0x11a c:/program files (x86)/atollic/truestudio for stm32 9.2.0/armtools/bin/../lib/gcc/arm-atollic-eabi/6.3.1/../../../../arm-atollic-eabi/lib/armv7e-m/fpu\libc_nano.a(lib_a-mprec.o)
                0x08009b52                __multiply
 .text.__pow5mult
                0x08009c6c       0x9c c:/program files (x86)/atollic/truestudio for stm32 9.2.0/armtools/bin/../lib/gcc/arm-atollic-eabi/6.3.1/../../../../arm-atollic-eabi/lib/armv7e-m/fpu\libc_nano.a(lib_a-mprec.o)
                0x08009c6c                __pow5mult
 .text.__lshift
                0x08009d08       0xa2 c:/program files (x86)/atollic/truestudio for stm32 9.2.0/armtools/bin/../lib/gcc/arm-atollic-eabi/6.3.1/../../../../arm-atollic-eabi/lib/armv7e-m/fpu\libc_nano.a(lib_a-mprec.o)
                0x08009d08                __lshift
 .text.__mcmp   0x08009daa       0x34 c:/program files (x86)/atollic/truestudio for stm32 9.2.0/armtools/bin/../lib/gcc/arm-atollic-eabi/6.3.1/../../../../arm-atollic-eabi/lib/armv7e-m/fpu\libc_nano.a(lib_a-mprec.o)
                0x08009daa                __mcmp
 .text.__mdiff  0x08009dde       0xbc c:/program files (x86)/atollic/truestudio for stm32 9.2.0/armtools/bin/../lib/gcc/arm-atollic-eabi/6.3.1/../../../../arm-atollic-eabi/lib/armv7e-m/fpu\libc_nano.a(lib_a-mprec.o)
                0x08009dde                __mdiff
 .text.__d2b    0x08009e9a       0x9e c:/program files (x86)/atollic/truestudio for stm32 9.2.0/armtools/bin/../lib/gcc/arm-atollic-eabi/6.3.1/../../../../arm-atollic-eabi/lib/armv7e-m/fpu\libc_nano.a(lib_a-mprec.o)
                0x08009e9a                __d2b
 .text._calloc_r
                0x08009f38       0x1c c:/program files (x86)/atollic/truestudio for stm32 9.2.0/armtools/bin/../lib/gcc/arm-atollic-eabi/6.3.1/../../../../arm-atollic-eabi/lib/armv7e-m/fpu\libc_nano.a(lib_a-nano-callocr.o)
                0x08009f38                _calloc_r
 .text._free_r  0x08009f54       0x9c c:/program files (x86)/atollic/truestudio for stm32 9.2.0/armtools/bin/../lib/gcc/arm-atollic-eabi/6.3.1/../../../../arm-atollic-eabi/lib/armv7e-m/fpu\libc_nano.a(lib_a-nano-freer.o)
                0x08009f54                _free_r
 .text._malloc_r
                0x08009ff0       0xbc c:/program files (x86)/atollic/truestudio for stm32 9.2.0/armtools/bin/../lib/gcc/arm-atollic-eabi/6.3.1/../../../../arm-atollic-eabi/lib/armv7e-m/fpu\libc_nano.a(lib_a-nano-mallocr.o)
                0x08009ff0                _malloc_r
 .text.__ssputs_r
                0x0800a0ac       0xb6 c:/program files (x86)/atollic/truestudio for stm32 9.2.0/armtools/bin/../lib/gcc/arm-atollic-eabi/6.3.1/../../../../arm-atollic-eabi/lib/armv7e-m/fpu\libc_nano.a(lib_a-nano-svfprintf.o)
                0x0800a0ac                __ssputs_r
 *fill*         0x0800a162        0x2 
 .text._svfprintf_r
                0x0800a164      0x1e8 c:/program files (x86)/atollic/truestudio for stm32 9.2.0/armtools/bin/../lib/gcc/arm-atollic-eabi/6.3.1/../../../../arm-atollic-eabi/lib/armv7e-m/fpu\libc_nano.a(lib_a-nano-svfprintf.o)
                0x0800a164                _svfiprintf_r
                0x0800a164                _svfprintf_r
 .text._sbrk_r  0x0800a34c       0x20 c:/program files (x86)/atollic/truestudio for stm32 9.2.0/armtools/bin/../lib/gcc/arm-atollic-eabi/6.3.1/../../../../arm-atollic-eabi/lib/armv7e-m/fpu\libc_nano.a(lib_a-sbrkr.o)
                0x0800a34c                _sbrk_r
 .text.__sread  0x0800a36c       0x22 c:/program files (x86)/atollic/truestudio for stm32 9.2.0/armtools/bin/../lib/gcc/arm-atollic-eabi/6.3.1/../../../../arm-atollic-eabi/lib/armv7e-m/fpu\libc_nano.a(lib_a-stdio.o)
                0x0800a36c                __sread
 .text.__swrite
                0x0800a38e       0x38 c:/program files (x86)/atollic/truestudio for stm32 9.2.0/armtools/bin/../lib/gcc/arm-atollic-eabi/6.3.1/../../../../arm-atollic-eabi/lib/armv7e-m/fpu\libc_nano.a(lib_a-stdio.o)
                0x0800a38e                __swrite
 .text.__sseek  0x0800a3c6       0x24 c:/program files (x86)/atollic/truestudio for stm32 9.2.0/armtools/bin/../lib/gcc/arm-atollic-eabi/6.3.1/../../../../arm-atollic-eabi/lib/armv7e-m/fpu\libc_nano.a(lib_a-stdio.o)
                0x0800a3c6                __sseek
 .text.__sclose
                0x0800a3ea        0x8 c:/program files (x86)/atollic/truestudio for stm32 9.2.0/armtools/bin/../lib/gcc/arm-atollic-eabi/6.3.1/../../../../arm-atollic-eabi/lib/armv7e-m/fpu\libc_nano.a(lib_a-stdio.o)
                0x0800a3ea                __sclose
 *fill*         0x0800a3f2        0x2 
 .text._write_r
                0x0800a3f4       0x24 c:/program files (x86)/atollic/truestudio for stm32 9.2.0/armtools/bin/../lib/gcc/arm-atollic-eabi/6.3.1/../../../../arm-atollic-eabi/lib/armv7e-m/fpu\libc_nano.a(lib_a-writer.o)
                0x0800a3f4                _write_r
 .text._close_r
                0x0800a418       0x20 c:/program files (x86)/atollic/truestudio for stm32 9.2.0/armtools/bin/../lib/gcc/arm-atollic-eabi/6.3.1/../../../../arm-atollic-eabi/lib/armv7e-m/fpu\libc_nano.a(lib_a-closer.o)
                0x0800a418                _close_r
 .text._fstat_r
                0x0800a438       0x24 c:/program files (x86)/atollic/truestudio for stm32 9.2.0/armtools/bin/../lib/gcc/arm-atollic-eabi/6.3.1/../../../../arm-atollic-eabi/lib/armv7e-m/fpu\libc_nano.a(lib_a-fstatr.o)
                0x0800a438                _fstat_r
 .text._isatty_r
                0x0800a45c       0x20 c:/program files (x86)/atollic/truestudio for stm32 9.2.0/armtools/bin/../lib/gcc/arm-atollic-eabi/6.3.1/../../../../arm-atollic-eabi/lib/armv7e-m/fpu\libc_nano.a(lib_a-isattyr.o)
                0x0800a45c                _isatty_r
 .text._lseek_r
                0x0800a47c       0x24 c:/program files (x86)/atollic/truestudio for stm32 9.2.0/armtools/bin/../lib/gcc/arm-atollic-eabi/6.3.1/../../../../arm-atollic-eabi/lib/armv7e-m/fpu\libc_nano.a(lib_a-lseekr.o)
                0x0800a47c                _lseek_r
 .text.__ascii_mbtowc
                0x0800a4a0       0x24 c:/program files (x86)/atollic/truestudio for stm32 9.2.0/armtools/bin/../lib/gcc/arm-atollic-eabi/6.3.1/../../../../arm-atollic-eabi/lib/armv7e-m/fpu\libc_nano.a(lib_a-mbtowc_r.o)
                0x0800a4a0                __ascii_mbtowc
 .text.memmove  0x0800a4c4       0x34 c:/program files (x86)/atollic/truestudio for stm32 9.2.0/armtools/bin/../lib/gcc/arm-atollic-eabi/6.3.1/../../../../arm-atollic-eabi/lib/armv7e-m/fpu\libc_nano.a(lib_a-memmove.o)
                0x0800a4c4                memmove
 .text.__malloc_lock
                0x0800a4f8        0x2 c:/program files (x86)/atollic/truestudio for stm32 9.2.0/armtools/bin/../lib/gcc/arm-atollic-eabi/6.3.1/../../../../arm-atollic-eabi/lib/armv7e-m/fpu\libc_nano.a(lib_a-mlock.o)
                0x0800a4f8                __malloc_lock
 .text.__malloc_unlock
                0x0800a4fa        0x2 c:/program files (x86)/atollic/truestudio for stm32 9.2.0/armtools/bin/../lib/gcc/arm-atollic-eabi/6.3.1/../../../../arm-atollic-eabi/lib/armv7e-m/fpu\libc_nano.a(lib_a-mlock.o)
                0x0800a4fa                __malloc_unlock
 .text._realloc_r
                0x0800a4fc       0x4c c:/program files (x86)/atollic/truestudio for stm32 9.2.0/armtools/bin/../lib/gcc/arm-atollic-eabi/6.3.1/../../../../arm-atollic-eabi/lib/armv7e-m/fpu\libc_nano.a(lib_a-nano-reallocr.o)
                0x0800a4fc                _realloc_r
 .text._read_r  0x0800a548       0x24 c:/program files (x86)/atollic/truestudio for stm32 9.2.0/armtools/bin/../lib/gcc/arm-atollic-eabi/6.3.1/../../../../arm-atollic-eabi/lib/armv7e-m/fpu\libc_nano.a(lib_a-readr.o)
                0x0800a548                _read_r
 .text.__ascii_wctomb
                0x0800a56c       0x1a c:/program files (x86)/atollic/truestudio for stm32 9.2.0/armtools/bin/../lib/gcc/arm-atollic-eabi/6.3.1/../../../../arm-atollic-eabi/lib/armv7e-m/fpu\libc_nano.a(lib_a-wctomb_r.o)
                0x0800a56c                __ascii_wctomb
 .text._malloc_usable_size_r
                0x0800a586       0x12 c:/program files (x86)/atollic/truestudio for stm32 9.2.0/armtools/bin/../lib/gcc/arm-atollic-eabi/6.3.1/../../../../arm-atollic-eabi/lib/armv7e-m/fpu\libc_nano.a(lib_a-nano-msizer.o)
                0x0800a586                _malloc_usable_size_r
 .text.atan2    0x0800a598        0x4 c:/program files (x86)/atollic/truestudio for stm32 9.2.0/armtools/bin/../lib/gcc/arm-atollic-eabi/6.3.1/../../../../arm-atollic-eabi/lib/armv7e-m/fpu\libm.a(lib_a-w_atan2.o)
                0x0800a598                atan2
 *fill*         0x0800a59c        0x4 
 .text.__ieee754_atan2
                0x0800a5a0      0x1b4 c:/program files (x86)/atollic/truestudio for stm32 9.2.0/armtools/bin/../lib/gcc/arm-atollic-eabi/6.3.1/../../../../arm-atollic-eabi/lib/armv7e-m/fpu\libm.a(lib_a-e_atan2.o)
                0x0800a5a0                __ieee754_atan2
 *fill*         0x0800a754        0x4 
 .text.atan     0x0800a758      0x350 c:/program files (x86)/atollic/truestudio for stm32 9.2.0/armtools/bin/../lib/gcc/arm-atollic-eabi/6.3.1/../../../../arm-atollic-eabi/lib/armv7e-m/fpu\libm.a(lib_a-s_atan.o)
                0x0800a758                atan
 .text.fabs     0x0800aaa8        0xe c:/program files (x86)/atollic/truestudio for stm32 9.2.0/armtools/bin/../lib/gcc/arm-atollic-eabi/6.3.1/../../../../arm-atollic-eabi/lib/armv7e-m/fpu\libm.a(lib_a-s_fabs.o)
                0x0800aaa8                fabs
 *fill*         0x0800aab6        0x2 
 .text._close   0x0800aab8       0x10 c:/program files (x86)/atollic/truestudio for stm32 9.2.0/armtools/bin/../lib/gcc/arm-atollic-eabi/6.3.1/../../../../arm-atollic-eabi/lib/armv7e-m/fpu\libnosys.a(close.o)
                0x0800aab8                _close
 .text._fstat   0x0800aac8       0x10 c:/program files (x86)/atollic/truestudio for stm32 9.2.0/armtools/bin/../lib/gcc/arm-atollic-eabi/6.3.1/../../../../arm-atollic-eabi/lib/armv7e-m/fpu\libnosys.a(fstat.o)
                0x0800aac8                _fstat
 .text._isatty  0x0800aad8       0x10 c:/program files (x86)/atollic/truestudio for stm32 9.2.0/armtools/bin/../lib/gcc/arm-atollic-eabi/6.3.1/../../../../arm-atollic-eabi/lib/armv7e-m/fpu\libnosys.a(isatty.o)
                0x0800aad8                _isatty
 .text._lseek   0x0800aae8       0x10 c:/program files (x86)/atollic/truestudio for stm32 9.2.0/armtools/bin/../lib/gcc/arm-atollic-eabi/6.3.1/../../../../arm-atollic-eabi/lib/armv7e-m/fpu\libnosys.a(lseek.o)
                0x0800aae8                _lseek
 .text._read    0x0800aaf8       0x10 c:/program files (x86)/atollic/truestudio for stm32 9.2.0/armtools/bin/../lib/gcc/arm-atollic-eabi/6.3.1/../../../../arm-atollic-eabi/lib/armv7e-m/fpu\libnosys.a(read.o)
                0x0800aaf8                _read
 .text._sbrk    0x0800ab08       0x1c c:/program files (x86)/atollic/truestudio for stm32 9.2.0/armtools/bin/../lib/gcc/arm-atollic-eabi/6.3.1/../../../../arm-atollic-eabi/lib/armv7e-m/fpu\libnosys.a(sbrk.o)
                0x0800ab08                _sbrk
 .text._write   0x0800ab24       0x10 c:/program files (x86)/atollic/truestudio for stm32 9.2.0/armtools/bin/../lib/gcc/arm-atollic-eabi/6.3.1/../../../../arm-atollic-eabi/lib/armv7e-m/fpu\libnosys.a(write.o)
                0x0800ab24                _write
 *(.glue_7)
 .glue_7        0x0800ab34        0x0 linker stubs
 *(.glue_7t)
 .glue_7t       0x0800ab34        0x0 linker stubs
 *(.eh_frame)
 .eh_frame      0x0800ab34        0x0 c:/program files (x86)/atollic/truestudio for stm32 9.2.0/armtools/bin/../lib/gcc/arm-atollic-eabi/6.3.1/armv7e-m/fpu/crtbegin.o
 *(.init)
 .init          0x0800ab34        0x4 c:/program files (x86)/atollic/truestudio for stm32 9.2.0/armtools/bin/../lib/gcc/arm-atollic-eabi/6.3.1/armv7e-m/fpu/crti.o
                0x0800ab34                _init
 .init          0x0800ab38        0x8 c:/program files (x86)/atollic/truestudio for stm32 9.2.0/armtools/bin/../lib/gcc/arm-atollic-eabi/6.3.1/armv7e-m/fpu/crtn.o
 *(.fini)
 .fini          0x0800ab40        0x4 c:/program files (x86)/atollic/truestudio for stm32 9.2.0/armtools/bin/../lib/gcc/arm-atollic-eabi/6.3.1/armv7e-m/fpu/crti.o
                0x0800ab40                _fini
 .fini          0x0800ab44        0x8 c:/program files (x86)/atollic/truestudio for stm32 9.2.0/armtools/bin/../lib/gcc/arm-atollic-eabi/6.3.1/armv7e-m/fpu/crtn.o
                0x0800ab4c                . = ALIGN (0x4)
                0x0800ab4c                _etext = .

.vfp11_veneer   0x0800ab4c        0x0
 .vfp11_veneer  0x0800ab4c        0x0 linker stubs

.v4_bx          0x0800ab4c        0x0
 .v4_bx         0x0800ab4c        0x0 linker stubs

.iplt           0x0800ab4c        0x0
 .iplt          0x0800ab4c        0x0 c:/program files (x86)/atollic/truestudio for stm32 9.2.0/armtools/bin/../lib/gcc/arm-atollic-eabi/6.3.1/armv7e-m/fpu/crtbegin.o

.rodata         0x0800ab50      0x678
                0x0800ab50                . = ALIGN (0x4)
 *(.rodata)
 *(.rodata*)
 .rodata.CSWTCH.13
                0x0800ab50       0x34 Drivers\BSP\Components\lsm6dsl\lsm6dsl.o
 .rodata.CSWTCH.15
                0x0800ab84       0x34 Drivers\BSP\Components\lsm6dsl\lsm6dsl.o
 .rodata.CSWTCH.51
                0x0800abb8        0x4 Drivers\STM32L4xx_HAL_Driver\Src\stm32l4xx_hal_uart.o
 .rodata.CSWTCH.52
                0x0800abbc        0xd Drivers\STM32L4xx_HAL_Driver\Src\stm32l4xx_hal_uart.o
 .rodata.main.str1.1
                0x0800abc9      0x157 Src\main.o
                                0x161 (size before relaxing)
 .rodata.AHBPrescTable
                0x0800ad20       0x10 Src\system_stm32l4xx.o
                0x0800ad20                AHBPrescTable
 .rodata.APBPrescTable
                0x0800ad30        0x8 Src\system_stm32l4xx.o
                0x0800ad30                APBPrescTable
 .rodata.MSIRangeTable
                0x0800ad38       0x30 Src\system_stm32l4xx.o
                0x0800ad38                MSIRangeTable
 .rodata.VL53L0X_check_part_used.str1.1
                0x0800ad68      0x157 Src\vl53l0x\vl53l0x_api_strings.o
                                  0x1 (size before relaxing)
 .rodata.VL53L0X_get_device_info.str1.1
                0x0800ad68       0x41 Src\vl53l0x\vl53l0x_api_strings.o
 .rodata.SetupSingleShot.str1.1
                0x0800ada9      0x122 Src\vl53l0x\vl53l0x_tof.o
 .rodata._printf_float.str1.1
                0x0800aecb       0x10 c:/program files (x86)/atollic/truestudio for stm32 9.2.0/armtools/bin/../lib/gcc/arm-atollic-eabi/6.3.1/../../../../arm-atollic-eabi/lib/armv7e-m/fpu\libc_nano.a(lib_a-nano-vfprintf_float.o)
                                 0x12 (size before relaxing)
 .rodata._printf_i.str1.1
                0x0800aedb       0x22 c:/program files (x86)/atollic/truestudio for stm32 9.2.0/armtools/bin/../lib/gcc/arm-atollic-eabi/6.3.1/../../../../arm-atollic-eabi/lib/armv7e-m/fpu\libc_nano.a(lib_a-nano-vfprintf_i.o)
 .rodata._dtoa_r.str1.1
                0x0800aefd        0xd c:/program files (x86)/atollic/truestudio for stm32 9.2.0/armtools/bin/../lib/gcc/arm-atollic-eabi/6.3.1/../../../../arm-atollic-eabi/lib/armv7e-m/fpu\libc_nano.a(lib_a-dtoa.o)
                                  0xf (size before relaxing)
 *fill*         0x0800af0a        0x2 
 .rodata.__sf_fake_stderr
                0x0800af0c       0x20 c:/program files (x86)/atollic/truestudio for stm32 9.2.0/armtools/bin/../lib/gcc/arm-atollic-eabi/6.3.1/../../../../arm-atollic-eabi/lib/armv7e-m/fpu\libc_nano.a(lib_a-findfp.o)
                0x0800af0c                __sf_fake_stderr
 .rodata.__sf_fake_stdin
                0x0800af2c       0x20 c:/program files (x86)/atollic/truestudio for stm32 9.2.0/armtools/bin/../lib/gcc/arm-atollic-eabi/6.3.1/../../../../arm-atollic-eabi/lib/armv7e-m/fpu\libc_nano.a(lib_a-findfp.o)
                0x0800af2c                __sf_fake_stdin
 .rodata.__sf_fake_stdout
                0x0800af4c       0x20 c:/program files (x86)/atollic/truestudio for stm32 9.2.0/armtools/bin/../lib/gcc/arm-atollic-eabi/6.3.1/../../../../arm-atollic-eabi/lib/armv7e-m/fpu\libc_nano.a(lib_a-findfp.o)
                0x0800af4c                __sf_fake_stdout
 .rodata._global_impure_ptr
                0x0800af6c        0x4 c:/program files (x86)/atollic/truestudio for stm32 9.2.0/armtools/bin/../lib/gcc/arm-atollic-eabi/6.3.1/../../../../arm-atollic-eabi/lib/armv7e-m/fpu\libc_nano.a(lib_a-impure.o)
                0x0800af6c                _global_impure_ptr
 .rodata.__mprec_bigtens
                0x0800af70       0x28 c:/program files (x86)/atollic/truestudio for stm32 9.2.0/armtools/bin/../lib/gcc/arm-atollic-eabi/6.3.1/../../../../arm-atollic-eabi/lib/armv7e-m/fpu\libc_nano.a(lib_a-mprec.o)
                0x0800af70                __mprec_bigtens
 .rodata.__mprec_tens
                0x0800af98       0xc8 c:/program files (x86)/atollic/truestudio for stm32 9.2.0/armtools/bin/../lib/gcc/arm-atollic-eabi/6.3.1/../../../../arm-atollic-eabi/lib/armv7e-m/fpu\libc_nano.a(lib_a-mprec.o)
                0x0800af98                __mprec_tens
 .rodata.p05.7175
                0x0800b060        0xc c:/program files (x86)/atollic/truestudio for stm32 9.2.0/armtools/bin/../lib/gcc/arm-atollic-eabi/6.3.1/../../../../arm-atollic-eabi/lib/armv7e-m/fpu\libc_nano.a(lib_a-mprec.o)
 .rodata._svfprintf_r.str1.1
                0x0800b06c       0x11 c:/program files (x86)/atollic/truestudio for stm32 9.2.0/armtools/bin/../lib/gcc/arm-atollic-eabi/6.3.1/../../../../arm-atollic-eabi/lib/armv7e-m/fpu\libc_nano.a(lib_a-nano-svfprintf.o)
 .rodata._setlocale_r.str1.1
                0x0800b07d        0x8 c:/program files (x86)/atollic/truestudio for stm32 9.2.0/armtools/bin/../lib/gcc/arm-atollic-eabi/6.3.1/../../../../arm-atollic-eabi/lib/armv7e-m/fpu\libc_nano.a(lib_a-locale.o)
                                  0x9 (size before relaxing)
 .rodata.str1.1
                0x0800b085        0x2 c:/program files (x86)/atollic/truestudio for stm32 9.2.0/armtools/bin/../lib/gcc/arm-atollic-eabi/6.3.1/../../../../arm-atollic-eabi/lib/armv7e-m/fpu\libc_nano.a(lib_a-locale.o)
 .rodata._ctype_
                0x0800b087      0x101 c:/program files (x86)/atollic/truestudio for stm32 9.2.0/armtools/bin/../lib/gcc/arm-atollic-eabi/6.3.1/../../../../arm-atollic-eabi/lib/armv7e-m/fpu\libc_nano.a(lib_a-ctype_.o)
                0x0800b087                _ctype_
 .rodata.atanhi
                0x0800b188       0x20 c:/program files (x86)/atollic/truestudio for stm32 9.2.0/armtools/bin/../lib/gcc/arm-atollic-eabi/6.3.1/../../../../arm-atollic-eabi/lib/armv7e-m/fpu\libm.a(lib_a-s_atan.o)
 .rodata.atanlo
                0x0800b1a8       0x20 c:/program files (x86)/atollic/truestudio for stm32 9.2.0/armtools/bin/../lib/gcc/arm-atollic-eabi/6.3.1/../../../../arm-atollic-eabi/lib/armv7e-m/fpu\libm.a(lib_a-s_atan.o)
                0x0800b1c8                . = ALIGN (0x4)

.ARM.extab
 *(.ARM.extab* .gnu.linkonce.armextab.*)

.ARM            0x0800b1c8        0x8
                0x0800b1c8                __exidx_start = .
 *(.ARM.exidx*)
 .ARM.exidx     0x0800b1c8        0x8 c:/program files (x86)/atollic/truestudio for stm32 9.2.0/armtools/bin/../lib/gcc/arm-atollic-eabi/6.3.1/armv7e-m/fpu\libgcc.a(_udivmoddi4.o)
                0x0800b1d0                __exidx_end = .

.rel.dyn        0x0800b1d0        0x0
 .rel.iplt      0x0800b1d0        0x0 c:/program files (x86)/atollic/truestudio for stm32 9.2.0/armtools/bin/../lib/gcc/arm-atollic-eabi/6.3.1/armv7e-m/fpu/crtbegin.o

.preinit_array  0x0800b1d0        0x0
                0x0800b1d0                PROVIDE (__preinit_array_start, .)
 *(.preinit_array*)
                0x0800b1d0                PROVIDE (__preinit_array_end, .)

.init_array     0x0800b1d0        0x4
                0x0800b1d0                PROVIDE (__init_array_start, .)
 *(SORT(.init_array.*))
 *(.init_array*)
 .init_array    0x0800b1d0        0x4 c:/program files (x86)/atollic/truestudio for stm32 9.2.0/armtools/bin/../lib/gcc/arm-atollic-eabi/6.3.1/armv7e-m/fpu/crtbegin.o
                0x0800b1d4                PROVIDE (__init_array_end, .)

.fini_array     0x0800b1d4        0x4
                [!provide]                PROVIDE (__fini_array_start, .)
 *(SORT(.fini_array.*))
 *(.fini_array*)
 .fini_array    0x0800b1d4        0x4 c:/program files (x86)/atollic/truestudio for stm32 9.2.0/armtools/bin/../lib/gcc/arm-atollic-eabi/6.3.1/armv7e-m/fpu/crtbegin.o
                [!provide]                PROVIDE (__fini_array_end, .)
                0x0800b1d8                _sidata = LOADADDR (.data)

.data           0x20000000      0x6e0 load address 0x0800b1d8
                0x20000000                . = ALIGN (0x4)
                0x20000000                _sdata = .
 *(.data)
 *(.data*)
 .data.GPIO_PORT
                0x20000000        0x4 Drivers\BSP\B-L475E-IOT01\stm32l475e_iot01.o
                0x20000000                GPIO_PORT
 .data.HTS221_H_Drv
                0x20000004        0xc Drivers\BSP\Components\hts221\hts221.o
                0x20000004                HTS221_H_Drv
 .data.HTS221_T_Drv
                0x20000010       0x10 Drivers\BSP\Components\hts221\hts221.o
                0x20000010                HTS221_T_Drv
 .data.Lis3mdlMagDrv
                0x20000020       0x34 Drivers\BSP\Components\lis3mdl\lis3mdl.o
                0x20000020                Lis3mdlMagDrv
 .data.LPS22HB_P_Drv
                0x20000054        0xc Drivers\BSP\Components\lps22hb\lps22hb.o
                0x20000054                LPS22HB_P_Drv
 .data.Lsm6dslAccDrv
                0x20000060       0x34 Drivers\BSP\Components\lsm6dsl\lsm6dsl.o
                0x20000060                Lsm6dslAccDrv
 .data.Lsm6dslGyroDrv
                0x20000094       0x34 Drivers\BSP\Components\lsm6dsl\lsm6dsl.o
                0x20000094                Lsm6dslGyroDrv
 .data.Dev      0x200000c8      0x188 Src\main.o
                0x200000c8                Dev
 .data.SystemCoreClock
                0x20000250        0x4 Src\system_stm32l4xx.o
                0x20000250                SystemCoreClock
 .data.DefaultTuningSettings
                0x20000254       0xf3 Src\vl53l0x\vl53l0x_api.o
                0x20000254                DefaultTuningSettings
 .data.InterruptThresholdSettings
                0x20000347      0x1b6 Src\vl53l0x\vl53l0x_api.o
                0x20000347                InterruptThresholdSettings
 *fill*         0x200004fd        0x3 
 .data.refArrayQuadrants
                0x20000500       0x10 Src\vl53l0x\vl53l0x_api_calibration.o
                0x20000500                refArrayQuadrants
 .data._impure_ptr
                0x20000510        0x4 c:/program files (x86)/atollic/truestudio for stm32 9.2.0/armtools/bin/../lib/gcc/arm-atollic-eabi/6.3.1/../../../../arm-atollic-eabi/lib/armv7e-m/fpu\libc_nano.a(lib_a-impure.o)
                0x20000510                _impure_ptr
 .data.impure_data
                0x20000514       0x60 c:/program files (x86)/atollic/truestudio for stm32 9.2.0/armtools/bin/../lib/gcc/arm-atollic-eabi/6.3.1/../../../../arm-atollic-eabi/lib/armv7e-m/fpu\libc_nano.a(lib_a-impure.o)
 .data.__global_locale
                0x20000574      0x16c c:/program files (x86)/atollic/truestudio for stm32 9.2.0/armtools/bin/../lib/gcc/arm-atollic-eabi/6.3.1/../../../../arm-atollic-eabi/lib/armv7e-m/fpu\libc_nano.a(lib_a-locale.o)
                0x20000574                __global_locale
                0x200006e0                . = ALIGN (0x4)
                0x200006e0                _edata = .

.igot.plt       0x200006e0        0x0 load address 0x0800b8b8
 .igot.plt      0x200006e0        0x0 c:/program files (x86)/atollic/truestudio for stm32 9.2.0/armtools/bin/../lib/gcc/arm-atollic-eabi/6.3.1/armv7e-m/fpu/crtbegin.o
                0x200006e0                . = ALIGN (0x4)

.bss            0x200006e0      0x98c load address 0x0800b8b8
                0x200006e0                _sbss = .
                0x200006e0                __bss_start__ = _sbss
 *(.bss)
 .bss           0x200006e0       0x1c c:/program files (x86)/atollic/truestudio for stm32 9.2.0/armtools/bin/../lib/gcc/arm-atollic-eabi/6.3.1/armv7e-m/fpu/crtbegin.o
 *(.bss*)
 .bss.AccelerometerDrv
                0x200006fc        0x4 Drivers\BSP\B-L475E-IOT01\stm32l475e_iot01_accelero.o
 .bss.GyroscopeDrv
                0x20000700        0x4 Drivers\BSP\B-L475E-IOT01\stm32l475e_iot01_gyro.o
 .bss.Hsensor_drv
                0x20000704        0x4 Drivers\BSP\B-L475E-IOT01\stm32l475e_iot01_hsensor.o
 .bss.MagnetoDrv
                0x20000708        0x4 Drivers\BSP\B-L475E-IOT01\stm32l475e_iot01_magneto.o
 .bss.Psensor_drv
                0x2000070c        0x4 Drivers\BSP\B-L475E-IOT01\stm32l475e_iot01_psensor.o
 .bss.tsensor_drv
                0x20000710        0x4 Drivers\BSP\B-L475E-IOT01\stm32l475e_iot01_tsensor.o
 .bss.a_dfsdm1ChannelHandle
                0x20000714       0x20 Drivers\STM32L4xx_HAL_Driver\Src\stm32l4xx_hal_dfsdm.o
 .bss.v_dfsdm1ChannelCounter
                0x20000734        0x4 Drivers\STM32L4xx_HAL_Driver\Src\stm32l4xx_hal_dfsdm.o
 .bss.Acc_Value
                0x20000738        0x6 Src\main.o
                0x20000738                Acc_Value
 *fill*         0x2000073e        0x2 
 .bss.Gyro_Value
                0x20000740        0xc Src\main.o
                0x20000740                Gyro_Value
 .bss.Mag_Value
                0x2000074c        0x6 Src\main.o
                0x2000074c                Mag_Value
 .bss.len       0x20000752        0x1 Src\main.o
 *fill*         0x20000753        0x1 
 .bss.DFSDM1_Init
                0x20000754        0x4 Src\stm32l4xx_hal_msp.o
 .bss.__malloc_free_list
                0x20000758        0x4 c:/program files (x86)/atollic/truestudio for stm32 9.2.0/armtools/bin/../lib/gcc/arm-atollic-eabi/6.3.1/../../../../arm-atollic-eabi/lib/armv7e-m/fpu\libc_nano.a(lib_a-nano-mallocr.o)
                0x20000758                __malloc_free_list
 .bss.__malloc_sbrk_start
                0x2000075c        0x4 c:/program files (x86)/atollic/truestudio for stm32 9.2.0/armtools/bin/../lib/gcc/arm-atollic-eabi/6.3.1/../../../../arm-atollic-eabi/lib/armv7e-m/fpu\libc_nano.a(lib_a-nano-mallocr.o)
                0x2000075c                __malloc_sbrk_start
 .bss.heap_end.5239
                0x20000760        0x4 c:/program files (x86)/atollic/truestudio for stm32 9.2.0/armtools/bin/../lib/gcc/arm-atollic-eabi/6.3.1/../../../../arm-atollic-eabi/lib/armv7e-m/fpu\libnosys.a(sbrk.o)
 *(COMMON)
 COMMON         0x20000764       0xc4 Drivers\BSP\B-L475E-IOT01\stm32l475e_iot01.o
                0x20000764                hDiscoUart
                0x200007dc                hI2cHandler
 COMMON         0x20000828        0x4 Drivers\STM32L4xx_HAL_Driver\Src\stm32l4xx_hal.o
                0x20000828                uwTick
 COMMON         0x2000082c      0x7b8 Src\main.o
                0x2000082c                Prox_Value
                0x20000830                hdfsdm1_channel1
                0x20000868                Pressure_Value
                0x2000086c                huart3
                0x200008e4                hpcd_USB_OTG_FS
                0x20000cec                hi2c2
                0x20000d38                Hum_Value
                0x20000d3c                isJoin
                0x20000d7c                hspi3
                0x20000de0                sendCheck
                0x20000e20                gyrZ
                0x20000e24                huart1
                0x20000e9c                htim6
                0x20000edc                gyrX
                0x20000ee0                huart4
                0x20000f58                Temp_Value
                0x20000f5c                gyrY
                0x20000f60                hqspi
                0x20000fa4                sendBuff
 COMMON         0x20000fe4       0x42 Src\stm32l4xx_it.o
                0x20000fe4                RX_BUFF
                0x20001024                SERIAL_ACTIVE
                0x20001025                RX_COUNT
 COMMON         0x20001026       0x40 Src\vl53l0x\vl53l0x_tof.o
                0x20001026                _I2CBuffer
 *fill*         0x20001066        0x2 